
> writing-task-app@0.1.0 dev
> next dev --port 3000

▲ Next.js 16.2.6 (Turbopack)
- Local:         http://localhost:3000
- Network:       http://192.168.1.75:3000
- Environments: .env.local
✓ Ready in 543ms

 GET / 200 in 431ms (next.js: 239ms, application-code: 192ms)
 GET /study?page=intro&username=sim-04-room-e-engaged&condition=e&scenario=roomDoubleBooking 200 in 147ms (next.js: 44ms, application-code: 102ms)
 GET /study?page=intro&username=sim-04-room-e-engaged&condition=e&scenario=roomDoubleBooking 200 in 48ms (next.js: 6ms, application-code: 42ms)
 POST /api/log 200 in 170ms (next.js: 92ms, application-code: 78ms)
 POST /api/log 200 in 24ms (next.js: 9ms, application-code: 15ms)
 GET /study?page=intro-survey&username=sim-04-room-e-engaged&condition=e&scenario=roomDoubleBooking 200 in 33ms (next.js: 6ms, application-code: 27ms)
 POST /api/log 200 in 9ms (next.js: 3ms, application-code: 7ms)
 POST /api/log 200 in 16ms (next.js: 5ms, application-code: 11ms)
 GET /study?page=start-task&username=sim-04-room-e-engaged&condition=e&scenario=roomDoubleBooking 200 in 50ms (next.js: 7ms, application-code: 43ms)
 POST /api/log 200 in 16ms (next.js: 4ms, application-code: 12ms)
 POST /api/log 200 in 17ms (next.js: 4ms, application-code: 13ms)
 GET /study?page=task&username=sim-04-room-e-engaged&condition=e&scenario=roomDoubleBooking 200 in 46ms (next.js: 6ms, application-code: 41ms)
 POST /api/log 200 in 11ms (next.js: 3ms, application-code: 8ms)
 POST /api/log 200 in 19ms (next.js: 9ms, application-code: 10ms)
 POST /api/log 200 in 14ms (next.js: 5ms, application-code: 9ms)
 POST /api/log 200 in 13ms (next.js: 5ms, application-code: 8ms)
 POST /api/log 200 in 24ms (next.js: 4ms, application-code: 20ms)
 POST /api/chat 200 in 2.5s
 POST /api/log 200 in 14ms (next.js: 4ms, application-code: 10ms)
 POST /api/log 200 in 15ms (next.js: 4ms, application-code: 11ms)
 POST /api/log 200 in 23ms (next.js: 3ms, application-code: 20ms)
 POST /api/chat 200 in 2.3s
 POST /api/log 200 in 18ms (next.js: 5ms, application-code: 13ms)
 POST /api/log 200 in 16ms (next.js: 5ms, application-code: 11ms)
 POST /api/log 200 in 11ms (next.js: 3ms, application-code: 8ms)
 POST /api/log 200 in 17ms (next.js: 4ms, application-code: 14ms)
 POST /api/log 200 in 19ms (next.js: 7ms, application-code: 12ms)
 POST /api/log 200 in 18ms (next.js: 7ms, application-code: 11ms)
 POST /api/log 200 in 27ms (next.js: 10ms, application-code: 18ms)
 POST /api/log 200 in 10ms (next.js: 3ms, application-code: 7ms)
 POST /api/log 200 in 14ms (next.js: 5ms, application-code: 9ms)
 POST /api/log 200 in 17ms (next.js: 6ms, application-code: 11ms)
 POST /api/log 200 in 17ms (next.js: 6ms, application-code: 11ms)
 POST /api/log 200 in 18ms (next.js: 7ms, application-code: 10ms)
 POST /api/log 200 in 20ms (next.js: 7ms, application-code: 13ms)
 POST /api/log 200 in 10ms (next.js: 3ms, application-code: 6ms)
 POST /api/log 200 in 17ms (next.js: 6ms, application-code: 11ms)
 POST /api/log 200 in 16ms (next.js: 5ms, application-code: 10ms)
 POST /api/log 200 in 17ms (next.js: 6ms, application-code: 11ms)
 POST /api/log 200 in 19ms (next.js: 7ms, application-code: 12ms)
 POST /api/log 200 in 10ms (next.js: 2ms, application-code: 8ms)
 POST /api/log 200 in 17ms (next.js: 6ms, application-code: 11ms)
 POST /api/log 200 in 18ms (next.js: 4ms, application-code: 14ms)
 POST /api/log 200 in 19ms (next.js: 6ms, application-code: 13ms)
 POST /api/log 200 in 17ms (next.js: 5ms, application-code: 11ms)
 POST /api/log 200 in 10ms (next.js: 2ms, application-code: 8ms)
 POST /api/log 200 in 18ms (next.js: 7ms, application-code: 11ms)
 POST /api/log 200 in 18ms (next.js: 7ms, application-code: 11ms)
 POST /api/log 200 in 21ms (next.js: 9ms, application-code: 12ms)
 POST /api/log 200 in 19ms (next.js: 7ms, application-code: 12ms)
 POST /api/log 200 in 9ms (next.js: 3ms, application-code: 6ms)
 POST /api/log 200 in 17ms (next.js: 6ms, application-code: 11ms)
 POST /api/log 200 in 17ms (next.js: 6ms, application-code: 11ms)
 POST /api/log 200 in 18ms (next.js: 6ms, application-code: 12ms)
 POST /api/log 200 in 18ms (next.js: 6ms, application-code: 11ms)
 POST /api/log 200 in 8ms (next.js: 2ms, application-code: 6ms)
 POST /api/log 200 in 9ms (next.js: 2ms, application-code: 7ms)
 POST /api/log 200 in 18ms (next.js: 7ms, application-code: 11ms)
 POST /api/log 200 in 18ms (next.js: 7ms, application-code: 11ms)
 POST /api/log 200 in 17ms (next.js: 6ms, application-code: 10ms)
 POST /api/log 200 in 18ms (next.js: 6ms, application-code: 12ms)
 POST /api/log 200 in 8ms (next.js: 2ms, application-code: 6ms)
 POST /api/log 200 in 20ms (next.js: 8ms, application-code: 12ms)
 POST /api/log 200 in 15ms (next.js: 5ms, application-code: 10ms)
 POST /api/log 200 in 18ms (next.js: 5ms, application-code: 13ms)
 POST /api/log 200 in 18ms (next.js: 6ms, application-code: 12ms)
 POST /api/log 200 in 8ms (next.js: 2ms, application-code: 5ms)
 POST /api/log 200 in 17ms (next.js: 6ms, application-code: 12ms)
 POST /api/log 200 in 17ms (next.js: 5ms, application-code: 12ms)
 POST /api/log 200 in 19ms (next.js: 8ms, application-code: 12ms)
 POST /api/log 200 in 17ms (next.js: 7ms, application-code: 11ms)
 POST /api/log 200 in 18ms (next.js: 7ms, application-code: 11ms)
 POST /api/log 200 in 8ms (next.js: 2ms, application-code: 6ms)
 POST /api/log 200 in 16ms (next.js: 5ms, application-code: 11ms)
 POST /api/log 200 in 17ms (next.js: 6ms, application-code: 11ms)
 POST /api/log 200 in 18ms (next.js: 5ms, application-code: 12ms)
 POST /api/log 200 in 20ms (next.js: 8ms, application-code: 12ms)
 POST /api/log 200 in 15ms (next.js: 7ms, application-code: 8ms)
 POST /api/log 200 in 10ms (next.js: 3ms, application-code: 7ms)
 POST /api/log 200 in 18ms (next.js: 7ms, application-code: 11ms)
 POST /api/log 200 in 18ms (next.js: 6ms, application-code: 11ms)
 POST /api/log 200 in 17ms (next.js: 5ms, application-code: 12ms)
 POST /api/log 200 in 17ms (next.js: 6ms, application-code: 11ms)
 POST /api/log 200 in 9ms (next.js: 3ms, application-code: 7ms)
 POST /api/log 200 in 18ms (next.js: 6ms, application-code: 12ms)
 POST /api/log 200 in 16ms (next.js: 6ms, application-code: 10ms)
 POST /api/log 200 in 28ms (next.js: 13ms, application-code: 15ms)
 POST /api/log 200 in 17ms (next.js: 6ms, application-code: 11ms)
 POST /api/log 200 in 8ms (next.js: 2ms, application-code: 6ms)
 POST /api/log 200 in 19ms (next.js: 6ms, application-code: 13ms)
 POST /api/log 200 in 17ms (next.js: 6ms, application-code: 12ms)
 POST /api/log 200 in 19ms (next.js: 6ms, application-code: 13ms)
 POST /api/log 200 in 18ms (next.js: 6ms, application-code: 12ms)
 POST /api/log 200 in 11ms (next.js: 3ms, application-code: 8ms)
 POST /api/log 200 in 19ms (next.js: 6ms, application-code: 13ms)
 POST /api/log 200 in 17ms (next.js: 5ms, application-code: 12ms)
 POST /api/log 200 in 21ms (next.js: 8ms, application-code: 12ms)
 POST /api/log 200 in 16ms (next.js: 7ms, application-code: 10ms)
 POST /api/log 200 in 9ms (next.js: 2ms, application-code: 6ms)
 POST /api/log 200 in 17ms (next.js: 4ms, application-code: 12ms)
 POST /api/log 200 in 18ms (next.js: 7ms, application-code: 11ms)
 POST /api/log 200 in 16ms (next.js: 7ms, application-code: 10ms)
 POST /api/log 200 in 17ms (next.js: 4ms, application-code: 13ms)
 POST /api/log 200 in 12ms (next.js: 3ms, application-code: 9ms)
 POST /api/log 200 in 9ms (next.js: 3ms, application-code: 7ms)
 POST /api/log 200 in 17ms (next.js: 6ms, application-code: 11ms)
 POST /api/log 200 in 19ms (next.js: 8ms, application-code: 11ms)
 POST /api/log 200 in 17ms (next.js: 6ms, application-code: 11ms)
 POST /api/log 200 in 17ms (next.js: 8ms, application-code: 9ms)
 POST /api/log 200 in 7ms (next.js: 2ms, application-code: 5ms)
 POST /api/log 200 in 17ms (next.js: 5ms, application-code: 11ms)
 POST /api/log 200 in 19ms (next.js: 9ms, application-code: 10ms)
 POST /api/log 200 in 17ms (next.js: 6ms, application-code: 10ms)
 POST /api/log 200 in 17ms (next.js: 6ms, application-code: 12ms)
 POST /api/log 200 in 9ms (next.js: 3ms, application-code: 6ms)
 POST /api/log 200 in 18ms (next.js: 7ms, application-code: 12ms)
 POST /api/log 200 in 17ms (next.js: 6ms, application-code: 12ms)
 POST /api/log 200 in 16ms (next.js: 7ms, application-code: 9ms)
 POST /api/log 200 in 18ms (next.js: 7ms, application-code: 12ms)
 POST /api/log 200 in 10ms (next.js: 3ms, application-code: 7ms)
 POST /api/log 200 in 17ms (next.js: 6ms, application-code: 12ms)
 POST /api/log 200 in 11ms (next.js: 4ms, application-code: 8ms)
 POST /api/log 200 in 18ms (next.js: 3ms, application-code: 15ms)
 POST /api/log 200 in 13ms (next.js: 5ms, application-code: 8ms)
 POST /api/log 200 in 14ms (next.js: 6ms, application-code: 8ms)
 POST /api/log 200 in 12ms (next.js: 5ms, application-code: 7ms)
 POST /api/log 200 in 11ms (next.js: 3ms, application-code: 9ms)
 POST /api/log 200 in 13ms (next.js: 4ms, application-code: 10ms)
 POST /api/log 200 in 15ms (next.js: 6ms, application-code: 9ms)
 POST /api/log 200 in 10ms (next.js: 2ms, application-code: 7ms)
 POST /api/log 200 in 10ms (next.js: 3ms, application-code: 7ms)
 POST /api/log 200 in 12ms (next.js: 4ms, application-code: 9ms)
 POST /api/log 200 in 11ms (next.js: 4ms, application-code: 7ms)
 POST /api/log 200 in 12ms (next.js: 4ms, application-code: 8ms)
 POST /api/writing-support 200 in 2.5s
 POST /api/log 200 in 11ms (next.js: 3ms, application-code: 8ms)
 POST /api/log 200 in 10ms (next.js: 3ms, application-code: 7ms)
 POST /api/log 200 in 11ms (next.js: 4ms, application-code: 8ms)
 POST /api/log 200 in 9ms (next.js: 3ms, application-code: 7ms)
 POST /api/log 200 in 18ms (next.js: 7ms, application-code: 11ms)
 POST /api/log 200 in 18ms (next.js: 7ms, application-code: 11ms)
 POST /api/log 200 in 18ms (next.js: 7ms, application-code: 11ms)
 POST /api/log 200 in 17ms (next.js: 6ms, application-code: 11ms)
 POST /api/log 200 in 8ms (next.js: 2ms, application-code: 5ms)
 POST /api/log 200 in 16ms (next.js: 5ms, application-code: 11ms)
 POST /api/log 200 in 17ms (next.js: 4ms, application-code: 12ms)
 POST /api/log 200 in 18ms (next.js: 6ms, application-code: 12ms)
 POST /api/log 200 in 20ms (next.js: 7ms, application-code: 13ms)
 POST /api/log 200 in 9ms (next.js: 3ms, application-code: 6ms)
 POST /api/log 200 in 17ms (next.js: 5ms, application-code: 12ms)
 POST /api/log 200 in 18ms (next.js: 6ms, application-code: 12ms)
 POST /api/log 200 in 18ms (next.js: 5ms, application-code: 13ms)
 POST /api/log 200 in 17ms (next.js: 6ms, application-code: 11ms)
 POST /api/log 200 in 7ms (next.js: 2ms, application-code: 5ms)
 POST /api/log 200 in 18ms (next.js: 6ms, application-code: 12ms)
 POST /api/log 200 in 17ms (next.js: 6ms, application-code: 11ms)
 POST /api/log 200 in 17ms (next.js: 7ms, application-code: 10ms)
 POST /api/log 200 in 22ms (next.js: 7ms, application-code: 15ms)
 POST /api/writing-support 200 in 2.8s
 POST /api/log 200 in 10ms (next.js: 3ms, application-code: 7ms)
 POST /api/log 200 in 50ms (next.js: 6ms, application-code: 44ms)
 POST /api/chat 200 in 2.2s
 POST /api/log 200 in 13ms (next.js: 5ms, application-code: 8ms)
 POST /api/log 200 in 18ms (next.js: 6ms, application-code: 12ms)
 POST /api/log 200 in 18ms (next.js: 8ms, application-code: 11ms)
 POST /api/log 200 in 19ms (next.js: 9ms, application-code: 10ms)
 POST /api/log 200 in 20ms (next.js: 7ms, application-code: 13ms)
 POST /api/log 200 in 12ms (next.js: 4ms, application-code: 8ms)
 POST /api/log 200 in 16ms (next.js: 4ms, application-code: 12ms)
 POST /api/log 200 in 15ms (next.js: 3ms, application-code: 12ms)
 POST /api/log 200 in 14ms (next.js: 4ms, application-code: 10ms)
 POST /api/log 200 in 13ms (next.js: 2ms, application-code: 11ms)
 POST /api/log 200 in 10ms (next.js: 3ms, application-code: 7ms)
 POST /api/log 200 in 14ms (next.js: 3ms, application-code: 10ms)
 POST /api/log 200 in 23ms (next.js: 4ms, application-code: 19ms)
 POST /api/log 200 in 15ms (next.js: 5ms, application-code: 10ms)
 POST /api/log 200 in 20ms (next.js: 9ms, application-code: 11ms)
 POST /api/log 200 in 18ms (next.js: 7ms, application-code: 11ms)
 POST /api/log 200 in 9ms (next.js: 3ms, application-code: 7ms)
 POST /api/log 200 in 17ms (next.js: 6ms, application-code: 11ms)
 POST /api/log 200 in 16ms (next.js: 5ms, application-code: 12ms)
 POST /api/log 200 in 17ms (next.js: 5ms, application-code: 12ms)
 POST /api/log 200 in 17ms (next.js: 6ms, application-code: 11ms)
 POST /api/log 200 in 15ms (next.js: 5ms, application-code: 10ms)
 POST /api/log 200 in 9ms (next.js: 2ms, application-code: 7ms)
 POST /api/log 200 in 18ms (next.js: 4ms, application-code: 14ms)
 POST /api/log 200 in 18ms (next.js: 6ms, application-code: 12ms)
 POST /api/log 200 in 17ms (next.js: 6ms, application-code: 11ms)
 POST /api/log 200 in 16ms (next.js: 6ms, application-code: 11ms)
 POST /api/log 200 in 10ms (next.js: 3ms, application-code: 7ms)
 POST /api/log 200 in 17ms (next.js: 6ms, application-code: 11ms)
 POST /api/log 200 in 21ms (next.js: 5ms, application-code: 17ms)
 POST /api/log 200 in 19ms (next.js: 6ms, application-code: 13ms)
 POST /api/log 200 in 16ms (next.js: 5ms, application-code: 11ms)
 POST /api/log 200 in 6ms (next.js: 1755µs, application-code: 5ms)
 POST /api/log 200 in 15ms (next.js: 5ms, application-code: 10ms)
 POST /api/log 200 in 17ms (next.js: 7ms, application-code: 10ms)
 POST /api/log 200 in 17ms (next.js: 7ms, application-code: 10ms)
 POST /api/log 200 in 18ms (next.js: 7ms, application-code: 11ms)
 POST /api/log 200 in 10ms (next.js: 3ms, application-code: 7ms)
 POST /api/log 200 in 20ms (next.js: 7ms, application-code: 12ms)
 POST /api/log 200 in 19ms (next.js: 8ms, application-code: 11ms)
 POST /api/log 200 in 19ms (next.js: 7ms, application-code: 12ms)
 POST /api/log 200 in 18ms (next.js: 8ms, application-code: 11ms)
 POST /api/log 200 in 9ms (next.js: 2ms, application-code: 6ms)
 POST /api/log 200 in 9ms (next.js: 2ms, application-code: 6ms)
 POST /api/log 200 in 18ms (next.js: 6ms, application-code: 11ms)
 POST /api/log 200 in 16ms (next.js: 6ms, application-code: 10ms)
 POST /api/log 200 in 19ms (next.js: 8ms, application-code: 11ms)
 POST /api/log 200 in 19ms (next.js: 7ms, application-code: 12ms)
 POST /api/log 200 in 11ms (next.js: 3ms, application-code: 8ms)
 POST /api/log 200 in 13ms (next.js: 4ms, application-code: 8ms)
 POST /api/log 200 in 17ms (next.js: 5ms, application-code: 12ms)
 POST /api/log 200 in 21ms (next.js: 7ms, application-code: 14ms)
 POST /api/log 200 in 18ms (next.js: 6ms, application-code: 12ms)
 POST /api/log 200 in 9ms (next.js: 3ms, application-code: 7ms)
 POST /api/log 200 in 17ms (next.js: 5ms, application-code: 12ms)
 POST /api/log 200 in 17ms (next.js: 5ms, application-code: 12ms)
 POST /api/log 200 in 18ms (next.js: 6ms, application-code: 12ms)
 POST /api/log 200 in 16ms (next.js: 6ms, application-code: 10ms)
 POST /api/log 200 in 8ms (next.js: 2ms, application-code: 6ms)
 POST /api/log 200 in 18ms (next.js: 6ms, application-code: 11ms)
 POST /api/log 200 in 17ms (next.js: 6ms, application-code: 11ms)
 POST /api/log 200 in 18ms (next.js: 6ms, application-code: 12ms)
 POST /api/log 200 in 23ms (next.js: 7ms, application-code: 16ms)
 POST /api/log 200 in 15ms (next.js: 5ms, application-code: 10ms)
 POST /api/log 200 in 9ms (next.js: 2ms, application-code: 7ms)
 POST /api/log 200 in 11ms (next.js: 4ms, application-code: 7ms)
 POST /api/log 200 in 11ms (next.js: 5ms, application-code: 6ms)
 POST /api/log 200 in 12ms (next.js: 3ms, application-code: 8ms)
 POST /api/log 200 in 16ms (next.js: 3ms, application-code: 13ms)
 POST /api/log 200 in 16ms (next.js: 5ms, application-code: 12ms)
 POST /api/log 200 in 13ms (next.js: 4ms, application-code: 9ms)
 POST /api/log 200 in 15ms (next.js: 5ms, application-code: 10ms)
 POST /api/log 200 in 15ms (next.js: 4ms, application-code: 12ms)
 POST /api/log 200 in 12ms (next.js: 4ms, application-code: 8ms)
 POST /api/log 200 in 18ms (next.js: 5ms, application-code: 13ms)
 POST /api/writing-support 200 in 2.4s
 POST /api/log 200 in 12ms (next.js: 5ms, application-code: 7ms)
 POST /api/log 200 in 22ms (next.js: 6ms, application-code: 15ms)
 POST /api/writing-support 200 in 1786ms
 POST /api/log 200 in 19ms (next.js: 6ms, application-code: 14ms)
 POST /api/log 200 in 33ms (next.js: 5ms, application-code: 29ms)
 POST /api/chat 200 in 2.9s
 POST /api/log 200 in 21ms (next.js: 4ms, application-code: 17ms)
 POST /api/log 200 in 14ms (next.js: 4ms, application-code: 10ms)
 POST /api/log 200 in 17ms (next.js: 5ms, application-code: 11ms)
 POST /api/writing-support 200 in 2.5s
 POST /api/log 200 in 17ms (next.js: 5ms, application-code: 12ms)
 POST /api/log 200 in 15ms (next.js: 5ms, application-code: 9ms)
 POST /api/log 200 in 16ms (next.js: 4ms, application-code: 12ms)
 POST /api/log 200 in 18ms (next.js: 5ms, application-code: 13ms)
 POST /api/log 200 in 16ms (next.js: 4ms, application-code: 12ms)
 POST /api/log 200 in 16ms (next.js: 6ms, application-code: 10ms)
 POST /api/log 200 in 10ms (next.js: 2ms, application-code: 8ms)
 POST /api/log 200 in 12ms (next.js: 3ms, application-code: 9ms)
 POST /api/log 200 in 12ms (next.js: 3ms, application-code: 10ms)
 POST /api/log 200 in 13ms (next.js: 4ms, application-code: 8ms)
 POST /api/log 200 in 13ms (next.js: 3ms, application-code: 10ms)
 POST /api/log 200 in 14ms (next.js: 6ms, application-code: 8ms)
 POST /api/log 200 in 15ms (next.js: 2ms, application-code: 13ms)
 POST /api/log 200 in 14ms (next.js: 3ms, application-code: 11ms)
 POST /api/writing-support 200 in 2.2s
 POST /api/log 200 in 22ms (next.js: 4ms, application-code: 18ms)
 POST /api/log 200 in 12ms (next.js: 5ms, application-code: 7ms)
 POST /api/log 200 in 18ms (next.js: 7ms, application-code: 11ms)
 POST /api/log 200 in 9ms (next.js: 2ms, application-code: 6ms)
 POST /api/log 200 in 21ms (next.js: 7ms, application-code: 15ms)
 POST /api/log 200 in 20ms (next.js: 7ms, application-code: 13ms)
 POST /api/log 200 in 20ms (next.js: 6ms, application-code: 14ms)
 POST /api/log 200 in 21ms (next.js: 7ms, application-code: 14ms)
 POST /api/log 200 in 12ms (next.js: 3ms, application-code: 9ms)
 POST /api/log 200 in 18ms (next.js: 6ms, application-code: 11ms)
 POST /api/log 200 in 18ms (next.js: 7ms, application-code: 11ms)
 POST /api/log 200 in 17ms (next.js: 5ms, application-code: 11ms)
 POST /api/log 200 in 16ms (next.js: 4ms, application-code: 12ms)
 POST /api/log 200 in 10ms (next.js: 3ms, application-code: 7ms)
 POST /api/log 200 in 18ms (next.js: 6ms, application-code: 12ms)
 POST /api/log 200 in 19ms (next.js: 7ms, application-code: 12ms)
 POST /api/log 200 in 16ms (next.js: 6ms, application-code: 11ms)
 POST /api/log 200 in 18ms (next.js: 6ms, application-code: 13ms)
 POST /api/log 200 in 12ms (next.js: 4ms, application-code: 9ms)
 POST /api/log 200 in 14ms (next.js: 3ms, application-code: 11ms)
 POST /api/log 200 in 17ms (next.js: 5ms, application-code: 12ms)
 POST /api/log 200 in 17ms (next.js: 5ms, application-code: 12ms)
 POST /api/log 200 in 17ms (next.js: 6ms, application-code: 11ms)
 POST /api/log 200 in 16ms (next.js: 4ms, application-code: 12ms)
 POST /api/log 200 in 11ms (next.js: 3ms, application-code: 8ms)
 POST /api/log 200 in 18ms (next.js: 6ms, application-code: 13ms)
 POST /api/log 200 in 18ms (next.js: 7ms, application-code: 11ms)
 POST /api/log 200 in 18ms (next.js: 7ms, application-code: 12ms)
 POST /api/log 200 in 12ms (next.js: 3ms, application-code: 9ms)
 POST /api/log 200 in 8ms (next.js: 3ms, application-code: 5ms)
 POST /api/log 200 in 17ms (next.js: 6ms, application-code: 11ms)
 POST /api/log 200 in 17ms (next.js: 5ms, application-code: 12ms)
 POST /api/log 200 in 18ms (next.js: 6ms, application-code: 12ms)
 POST /api/log 200 in 16ms (next.js: 6ms, application-code: 10ms)
 POST /api/log 200 in 7ms (next.js: 2ms, application-code: 5ms)
 POST /api/log 200 in 18ms (next.js: 5ms, application-code: 13ms)
 POST /api/log 200 in 15ms (next.js: 5ms, application-code: 10ms)
 POST /api/log 200 in 17ms (next.js: 6ms, application-code: 11ms)
 POST /api/log 200 in 22ms (next.js: 6ms, application-code: 16ms)
 POST /api/log 200 in 10ms (next.js: 3ms, application-code: 6ms)
 POST /api/log 200 in 16ms (next.js: 4ms, application-code: 12ms)
 POST /api/log 200 in 18ms (next.js: 8ms, application-code: 10ms)
 POST /api/log 200 in 17ms (next.js: 7ms, application-code: 10ms)
 POST /api/log 200 in 17ms (next.js: 6ms, application-code: 11ms)
 POST /api/log 200 in 13ms (next.js: 4ms, application-code: 8ms)
 POST /api/log 200 in 10ms (next.js: 3ms, application-code: 7ms)
 POST /api/log 200 in 19ms (next.js: 6ms, application-code: 13ms)
 POST /api/log 200 in 18ms (next.js: 6ms, application-code: 11ms)
 POST /api/log 200 in 20ms (next.js: 12ms, application-code: 8ms)
 POST /api/log 200 in 18ms (next.js: 6ms, application-code: 12ms)
 POST /api/log 200 in 8ms (next.js: 2ms, application-code: 5ms)
 POST /api/log 200 in 18ms (next.js: 5ms, application-code: 12ms)
 POST /api/log 200 in 21ms (next.js: 7ms, application-code: 14ms)
 POST /api/log 200 in 19ms (next.js: 7ms, application-code: 12ms)
 POST /api/log 200 in 16ms (next.js: 5ms, application-code: 11ms)
 POST /api/log 200 in 21ms (next.js: 7ms, application-code: 13ms)
 POST /api/writing-support 200 in 2.1s
 POST /api/log 200 in 14ms (next.js: 4ms, application-code: 10ms)
 POST /api/log 200 in 40ms (next.js: 5ms, application-code: 34ms)
 POST /api/chat 200 in 1631ms
 POST /api/log 200 in 13ms (next.js: 3ms, application-code: 11ms)
 POST /api/log 200 in 14ms (next.js: 3ms, application-code: 11ms)
 POST /api/log 200 in 11ms (next.js: 4ms, application-code: 7ms)
 POST /api/log 200 in 11ms (next.js: 3ms, application-code: 8ms)
 POST /api/log 200 in 16ms (next.js: 6ms, application-code: 11ms)
 POST /api/log 200 in 14ms (next.js: 2ms, application-code: 12ms)
 POST /api/log 200 in 15ms (next.js: 5ms, application-code: 10ms)
 POST /api/log 200 in 14ms (next.js: 2ms, application-code: 11ms)
 POST /api/log 200 in 14ms (next.js: 5ms, application-code: 9ms)
 POST /api/log 200 in 11ms (next.js: 3ms, application-code: 7ms)
 POST /api/log 200 in 24ms (next.js: 6ms, application-code: 18ms)
 POST /api/log 200 in 17ms (next.js: 5ms, application-code: 12ms)
 POST /api/log 200 in 17ms (next.js: 6ms, application-code: 11ms)
 POST /api/log 200 in 17ms (next.js: 6ms, application-code: 11ms)
 POST /api/log 200 in 13ms (next.js: 3ms, application-code: 10ms)
 POST /api/log 200 in 17ms (next.js: 4ms, application-code: 13ms)
 POST /api/log 200 in 17ms (next.js: 5ms, application-code: 12ms)
 POST /api/log 200 in 36ms (next.js: 12ms, application-code: 24ms)
 POST /api/log 200 in 21ms (next.js: 9ms, application-code: 13ms)
 POST /api/log 200 in 11ms (next.js: 4ms, application-code: 7ms)
 POST /api/log 200 in 14ms (next.js: 5ms, application-code: 8ms)
 POST /api/log 200 in 14ms (next.js: 5ms, application-code: 10ms)
 POST /api/log 200 in 20ms (next.js: 6ms, application-code: 14ms)
 POST /api/log 200 in 12ms (next.js: 4ms, application-code: 9ms)
 POST /api/log 200 in 11ms (next.js: 3ms, application-code: 8ms)
 POST /api/log 200 in 14ms (next.js: 4ms, application-code: 10ms)
 POST /api/log 200 in 11ms (next.js: 4ms, application-code: 8ms)
 POST /api/log 200 in 16ms (next.js: 3ms, application-code: 13ms)
 POST /api/log 200 in 16ms (next.js: 4ms, application-code: 12ms)
 POST /api/log 200 in 18ms (next.js: 6ms, application-code: 12ms)
 POST /api/log 200 in 15ms (next.js: 6ms, application-code: 10ms)
 POST /api/log 200 in 9ms (next.js: 3ms, application-code: 6ms)
 POST /api/log 200 in 17ms (next.js: 5ms, application-code: 12ms)
 POST /api/log 200 in 16ms (next.js: 5ms, application-code: 11ms)
 POST /api/log 200 in 15ms (next.js: 5ms, application-code: 10ms)
 POST /api/log 200 in 18ms (next.js: 7ms, application-code: 12ms)
 POST /api/log 200 in 9ms (next.js: 2ms, application-code: 6ms)
 POST /api/log 200 in 16ms (next.js: 5ms, application-code: 10ms)
 POST /api/log 200 in 17ms (next.js: 7ms, application-code: 11ms)
 POST /api/log 200 in 23ms (next.js: 9ms, application-code: 13ms)
 POST /api/log 200 in 18ms (next.js: 7ms, application-code: 11ms)
 POST /api/log 200 in 8ms (next.js: 2ms, application-code: 6ms)
 POST /api/log 200 in 19ms (next.js: 6ms, application-code: 13ms)
 POST /api/log 200 in 18ms (next.js: 6ms, application-code: 12ms)
 POST /api/log 200 in 25ms (next.js: 16ms, application-code: 9ms)
 POST /api/log 200 in 17ms (next.js: 6ms, application-code: 11ms)
 POST /api/log 200 in 8ms (next.js: 3ms, application-code: 6ms)
 POST /api/log 200 in 18ms (next.js: 7ms, application-code: 11ms)
 POST /api/log 200 in 17ms (next.js: 7ms, application-code: 10ms)
 POST /api/log 200 in 18ms (next.js: 6ms, application-code: 12ms)
 POST /api/log 200 in 18ms (next.js: 4ms, application-code: 13ms)
 POST /api/log 200 in 15ms (next.js: 4ms, application-code: 11ms)
 POST /api/log 200 in 15ms (next.js: 5ms, application-code: 10ms)
 POST /api/log 200 in 15ms (next.js: 4ms, application-code: 11ms)
 POST /api/log 200 in 17ms (next.js: 6ms, application-code: 11ms)
 POST /api/log 200 in 17ms (next.js: 7ms, application-code: 10ms)
 POST /api/log 200 in 13ms (next.js: 4ms, application-code: 9ms)
 POST /api/log 200 in 10ms (next.js: 3ms, application-code: 7ms)
 POST /api/log 200 in 18ms (next.js: 6ms, application-code: 12ms)
 POST /api/log 200 in 17ms (next.js: 6ms, application-code: 10ms)
 POST /api/log 200 in 17ms (next.js: 7ms, application-code: 10ms)
 POST /api/log 200 in 19ms (next.js: 6ms, application-code: 13ms)
 POST /api/log 200 in 13ms (next.js: 4ms, application-code: 8ms)
 POST /api/log 200 in 10ms (next.js: 3ms, application-code: 7ms)
 POST /api/log 200 in 14ms (next.js: 5ms, application-code: 9ms)
 POST /api/log 200 in 15ms (next.js: 5ms, application-code: 10ms)
 POST /api/log 200 in 16ms (next.js: 6ms, application-code: 10ms)
 POST /api/log 200 in 13ms (next.js: 4ms, application-code: 9ms)
 POST /api/log 200 in 10ms (next.js: 3ms, application-code: 7ms)
 POST /api/log 200 in 13ms (next.js: 5ms, application-code: 7ms)
 POST /api/log 200 in 11ms (next.js: 4ms, application-code: 7ms)
 POST /api/log 200 in 39ms (next.js: 12ms, application-code: 28ms)
 POST /api/log 200 in 16ms (next.js: 5ms, application-code: 11ms)
 POST /api/log 200 in 11ms (next.js: 4ms, application-code: 7ms)
 POST /api/log 200 in 13ms (next.js: 3ms, application-code: 10ms)
 POST /api/log 200 in 12ms (next.js: 4ms, application-code: 8ms)
 POST /api/log 200 in 18ms (next.js: 5ms, application-code: 13ms)
 POST /api/log 200 in 15ms (next.js: 6ms, application-code: 9ms)
 POST /api/log 200 in 10ms (next.js: 3ms, application-code: 7ms)
 POST /api/log 200 in 15ms (next.js: 6ms, application-code: 9ms)
 POST /api/log 200 in 14ms (next.js: 5ms, application-code: 9ms)
 POST /api/log 200 in 15ms (next.js: 6ms, application-code: 10ms)
 POST /api/writing-support 200 in 3.7s
 POST /api/log 200 in 11ms (next.js: 3ms, application-code: 8ms)
 POST /api/log 200 in 18ms (next.js: 5ms, application-code: 13ms)
 POST /api/log 200 in 9ms (next.js: 3ms, application-code: 6ms)
 POST /api/log 200 in 17ms (next.js: 7ms, application-code: 11ms)
 POST /api/log 200 in 18ms (next.js: 8ms, application-code: 10ms)
 POST /api/log 200 in 18ms (next.js: 7ms, application-code: 11ms)
 POST /api/log 200 in 18ms (next.js: 6ms, application-code: 13ms)
 POST /api/log 200 in 9ms (next.js: 3ms, application-code: 6ms)
 POST /api/log 200 in 8ms (next.js: 3ms, application-code: 5ms)
 POST /api/log 200 in 20ms (next.js: 7ms, application-code: 13ms)
 POST /api/log 200 in 17ms (next.js: 6ms, application-code: 11ms)
 POST /api/log 200 in 19ms (next.js: 6ms, application-code: 13ms)
 POST /api/log 200 in 22ms (next.js: 7ms, application-code: 15ms)
 POST /api/log 200 in 8ms (next.js: 3ms, application-code: 5ms)
 POST /api/log 200 in 15ms (next.js: 5ms, application-code: 10ms)
 POST /api/log 200 in 16ms (next.js: 5ms, application-code: 11ms)
 POST /api/log 200 in 24ms (next.js: 10ms, application-code: 14ms)
 POST /api/log 200 in 17ms (next.js: 5ms, application-code: 11ms)
 POST /api/log 200 in 8ms (next.js: 3ms, application-code: 5ms)
 POST /api/log 200 in 16ms (next.js: 6ms, application-code: 10ms)
 POST /api/log 200 in 18ms (next.js: 6ms, application-code: 13ms)
 POST /api/log 200 in 11ms (next.js: 3ms, application-code: 8ms)
 POST /api/writing-support 200 in 2.3s
 POST /api/log 200 in 11ms (next.js: 3ms, application-code: 8ms)
 POST /api/log 200 in 40ms (next.js: 5ms, application-code: 35ms)
 POST /api/chat 200 in 1935ms
 POST /api/log 200 in 11ms (next.js: 4ms, application-code: 7ms)
 POST /api/log 200 in 9ms (next.js: 2ms, application-code: 6ms)
 POST /api/log 200 in 16ms (next.js: 5ms, application-code: 11ms)
 POST /api/log 200 in 12ms (next.js: 4ms, application-code: 8ms)
 POST /api/log 200 in 14ms (next.js: 5ms, application-code: 9ms)
 POST /api/log 200 in 11ms (next.js: 3ms, application-code: 7ms)
 POST /api/log 200 in 16ms (next.js: 3ms, application-code: 13ms)
 POST /api/log 200 in 13ms (next.js: 4ms, application-code: 9ms)
 POST /api/log 200 in 10ms (next.js: 4ms, application-code: 6ms)
 POST /api/log 200 in 17ms (next.js: 7ms, application-code: 11ms)
 POST /api/log 200 in 18ms (next.js: 6ms, application-code: 12ms)
 POST /api/log 200 in 17ms (next.js: 6ms, application-code: 11ms)
 POST /api/log 200 in 9ms (next.js: 2ms, application-code: 6ms)
 POST /api/log 200 in 12ms (next.js: 5ms, application-code: 7ms)
 POST /api/log 200 in 15ms (next.js: 4ms, application-code: 11ms)
 POST /api/log 200 in 13ms (next.js: 5ms, application-code: 9ms)
 POST /api/log 200 in 12ms (next.js: 4ms, application-code: 8ms)
 POST /api/log 200 in 16ms (next.js: 4ms, application-code: 11ms)
 POST /api/log 200 in 10ms (next.js: 3ms, application-code: 7ms)
 POST /api/log 200 in 11ms (next.js: 2ms, application-code: 9ms)
 POST /api/log 200 in 12ms (next.js: 4ms, application-code: 8ms)
 POST /api/log 200 in 18ms (next.js: 8ms, application-code: 11ms)
 POST /api/log 200 in 18ms (next.js: 6ms, application-code: 11ms)
 POST /api/log 200 in 16ms (next.js: 5ms, application-code: 11ms)
 POST /api/log 200 in 11ms (next.js: 3ms, application-code: 7ms)
 POST /api/log 200 in 15ms (next.js: 5ms, application-code: 10ms)
 POST /api/log 200 in 16ms (next.js: 4ms, application-code: 12ms)
 POST /api/log 200 in 18ms (next.js: 7ms, application-code: 12ms)
 POST /api/log 200 in 15ms (next.js: 6ms, application-code: 10ms)
 POST /api/log 200 in 10ms (next.js: 3ms, application-code: 7ms)
 POST /api/log 200 in 16ms (next.js: 5ms, application-code: 11ms)
 POST /api/log 200 in 16ms (next.js: 5ms, application-code: 11ms)
 POST /api/log 200 in 17ms (next.js: 5ms, application-code: 11ms)
 POST /api/log 200 in 16ms (next.js: 6ms, application-code: 10ms)
 POST /api/log 200 in 10ms (next.js: 3ms, application-code: 8ms)
 POST /api/log 200 in 17ms (next.js: 4ms, application-code: 12ms)
 POST /api/log 200 in 18ms (next.js: 5ms, application-code: 13ms)
 POST /api/log 200 in 21ms (next.js: 7ms, application-code: 15ms)
 POST /api/log 200 in 16ms (next.js: 6ms, application-code: 11ms)
 POST /api/log 200 in 14ms (next.js: 4ms, application-code: 9ms)
 POST /api/log 200 in 10ms (next.js: 2ms, application-code: 8ms)
 POST /api/log 200 in 20ms (next.js: 10ms, application-code: 10ms)
 POST /api/log 200 in 16ms (next.js: 6ms, application-code: 11ms)
 POST /api/log 200 in 16ms (next.js: 5ms, application-code: 11ms)
 POST /api/log 200 in 17ms (next.js: 6ms, application-code: 11ms)
 POST /api/log 200 in 10ms (next.js: 3ms, application-code: 7ms)
 POST /api/log 200 in 16ms (next.js: 6ms, application-code: 10ms)
 POST /api/log 200 in 15ms (next.js: 4ms, application-code: 11ms)
 POST /api/log 200 in 16ms (next.js: 6ms, application-code: 10ms)
 POST /api/log 200 in 18ms (next.js: 5ms, application-code: 13ms)
 POST /api/log 200 in 8ms (next.js: 2ms, application-code: 5ms)
 POST /api/log 200 in 15ms (next.js: 5ms, application-code: 10ms)
 POST /api/log 200 in 17ms (next.js: 5ms, application-code: 12ms)
 POST /api/log 200 in 16ms (next.js: 5ms, application-code: 11ms)
 POST /api/log 200 in 20ms (next.js: 8ms, application-code: 12ms)
 POST /api/log 200 in 8ms (next.js: 2ms, application-code: 6ms)
 POST /api/log 200 in 17ms (next.js: 6ms, application-code: 12ms)
 POST /api/log 200 in 16ms (next.js: 4ms, application-code: 12ms)
 POST /api/log 200 in 16ms (next.js: 4ms, application-code: 12ms)
 POST /api/log 200 in 18ms (next.js: 4ms, application-code: 14ms)
 POST /api/log 200 in 9ms (next.js: 2ms, application-code: 7ms)
 POST /api/log 200 in 14ms (next.js: 4ms, application-code: 10ms)
 POST /api/log 200 in 20ms (next.js: 4ms, application-code: 15ms)
 POST /api/log 200 in 24ms (next.js: 5ms, application-code: 18ms)
 POST /api/log 200 in 12ms (next.js: 4ms, application-code: 9ms)
 POST /api/log 200 in 17ms (next.js: 4ms, application-code: 13ms)
 POST /api/log 200 in 15ms (next.js: 6ms, application-code: 9ms)
 POST /api/log 200 in 13ms (next.js: 3ms, application-code: 9ms)
 POST /api/log 200 in 12ms (next.js: 4ms, application-code: 8ms)
 POST /api/log 200 in 12ms (next.js: 4ms, application-code: 8ms)
 POST /api/log 200 in 14ms (next.js: 6ms, application-code: 8ms)
 POST /api/log 200 in 14ms (next.js: 5ms, application-code: 9ms)
 POST /api/log 200 in 8ms (next.js: 2ms, application-code: 6ms)
 POST /api/log 200 in 10ms (next.js: 3ms, application-code: 7ms)
 POST /api/log 200 in 13ms (next.js: 5ms, application-code: 7ms)
 POST /api/writing-support 200 in 2.1s
 POST /api/log 200 in 23ms (next.js: 3ms, application-code: 20ms)
 POST /api/log 200 in 19ms (next.js: 3ms, application-code: 16ms)
 POST /api/log 200 in 26ms (next.js: 8ms, application-code: 18ms)
 POST /api/log 200 in 17ms (next.js: 6ms, application-code: 11ms)
 POST /api/log 200 in 16ms (next.js: 6ms, application-code: 11ms)
 POST /api/log 200 in 11ms (next.js: 4ms, application-code: 7ms)
 POST /api/log 200 in 17ms (next.js: 5ms, application-code: 12ms)
 POST /api/log 200 in 17ms (next.js: 5ms, application-code: 12ms)
 POST /api/log 200 in 18ms (next.js: 5ms, application-code: 13ms)
 POST /api/log 200 in 10ms (next.js: 3ms, application-code: 7ms)
 POST /api/log 200 in 15ms (next.js: 4ms, application-code: 11ms)
 POST /api/log 200 in 10ms (next.js: 4ms, application-code: 7ms)
 POST /api/log 200 in 13ms (next.js: 4ms, application-code: 9ms)
 POST /api/log 200 in 11ms (next.js: 3ms, application-code: 8ms)
 POST /api/log 200 in 11ms (next.js: 4ms, application-code: 7ms)
 POST /api/log 200 in 15ms (next.js: 6ms, application-code: 9ms)
 POST /api/log 200 in 12ms (next.js: 5ms, application-code: 8ms)
 POST /api/log 200 in 13ms (next.js: 4ms, application-code: 8ms)
 POST /api/log 200 in 14ms (next.js: 5ms, application-code: 9ms)
 POST /api/log 200 in 15ms (next.js: 7ms, application-code: 7ms)
 POST /api/writing-support 200 in 1986ms
 POST /api/log 200 in 16ms (next.js: 4ms, application-code: 12ms)
 POST /api/log 200 in 19ms (next.js: 8ms, application-code: 11ms)
 POST /api/log 200 in 13ms (next.js: 5ms, application-code: 8ms)
 POST /api/log 200 in 16ms (next.js: 4ms, application-code: 11ms)
 POST /api/log 200 in 19ms (next.js: 6ms, application-code: 13ms)
 POST /api/log 200 in 17ms (next.js: 6ms, application-code: 12ms)
 POST /api/log 200 in 19ms (next.js: 7ms, application-code: 12ms)
 POST /api/log 200 in 11ms (next.js: 4ms, application-code: 7ms)
 POST /api/log 200 in 9ms (next.js: 3ms, application-code: 6ms)
 POST /api/log 200 in 18ms (next.js: 8ms, application-code: 11ms)
 POST /api/log 200 in 17ms (next.js: 7ms, application-code: 10ms)
 POST /api/log 200 in 18ms (next.js: 8ms, application-code: 10ms)
 POST /api/log 200 in 17ms (next.js: 6ms, application-code: 11ms)
 POST /api/log 200 in 12ms (next.js: 3ms, application-code: 9ms)
 POST /api/log 200 in 15ms (next.js: 6ms, application-code: 9ms)
 POST /api/log 200 in 17ms (next.js: 5ms, application-code: 12ms)
 POST /api/log 200 in 18ms (next.js: 6ms, application-code: 13ms)
 POST /api/log 200 in 19ms (next.js: 8ms, application-code: 11ms)
 POST /api/log 200 in 8ms (next.js: 2ms, application-code: 6ms)
 POST /api/log 200 in 17ms (next.js: 4ms, application-code: 12ms)
 POST /api/log 200 in 19ms (next.js: 7ms, application-code: 12ms)
 POST /api/log 200 in 17ms (next.js: 4ms, application-code: 13ms)
 POST /api/log 200 in 16ms (next.js: 5ms, application-code: 11ms)
 POST /api/log 200 in 10ms (next.js: 2ms, application-code: 7ms)
 POST /api/log 200 in 18ms (next.js: 4ms, application-code: 14ms)
 POST /api/log 200 in 16ms (next.js: 5ms, application-code: 11ms)
 POST /api/log 200 in 17ms (next.js: 6ms, application-code: 11ms)
 POST /api/log 200 in 16ms (next.js: 5ms, application-code: 11ms)
 POST /api/log 200 in 12ms (next.js: 4ms, application-code: 8ms)
 POST /api/log 200 in 15ms (next.js: 5ms, application-code: 10ms)
 POST /api/log 200 in 14ms (next.js: 4ms, application-code: 10ms)
 POST /api/log 200 in 19ms (next.js: 7ms, application-code: 12ms)
 POST /api/log 200 in 17ms (next.js: 7ms, application-code: 11ms)
 POST /api/log 200 in 10ms (next.js: 3ms, application-code: 7ms)
 POST /api/log 200 in 8ms (next.js: 2ms, application-code: 6ms)
 POST /api/log 200 in 14ms (next.js: 6ms, application-code: 8ms)
 POST /api/log 200 in 16ms (next.js: 6ms, application-code: 10ms)
 POST /api/log 200 in 16ms (next.js: 5ms, application-code: 11ms)
 POST /api/log 200 in 18ms (next.js: 7ms, application-code: 12ms)
 POST /api/log 200 in 12ms (next.js: 2ms, application-code: 9ms)
 POST /api/log 200 in 16ms (next.js: 5ms, application-code: 11ms)
 POST /api/log 200 in 16ms (next.js: 5ms, application-code: 11ms)
 POST /api/log 200 in 17ms (next.js: 6ms, application-code: 11ms)
 POST /api/log 200 in 21ms (next.js: 8ms, application-code: 12ms)
 POST /api/log 200 in 12ms (next.js: 5ms, application-code: 8ms)
 POST /api/log 200 in 16ms (next.js: 6ms, application-code: 11ms)
 POST /api/log 200 in 16ms (next.js: 5ms, application-code: 11ms)
 POST /api/log 200 in 17ms (next.js: 5ms, application-code: 12ms)
 POST /api/log 200 in 19ms (next.js: 5ms, application-code: 14ms)
 POST /api/log 200 in 10ms (next.js: 3ms, application-code: 6ms)
 POST /api/log 200 in 17ms (next.js: 5ms, application-code: 12ms)
 POST /api/log 200 in 16ms (next.js: 4ms, application-code: 12ms)
 POST /api/log 200 in 20ms (next.js: 5ms, application-code: 14ms)
 POST /api/log 200 in 20ms (next.js: 4ms, application-code: 17ms)
 POST /api/log 200 in 19ms (next.js: 6ms, application-code: 13ms)
 POST /api/log 200 in 12ms (next.js: 3ms, application-code: 9ms)
 POST /api/log 200 in 16ms (next.js: 7ms, application-code: 9ms)
 POST /api/log 200 in 16ms (next.js: 5ms, application-code: 11ms)
 POST /api/log 200 in 14ms (next.js: 4ms, application-code: 10ms)
 POST /api/log 200 in 15ms (next.js: 5ms, application-code: 10ms)
 POST /api/log 200 in 13ms (next.js: 4ms, application-code: 9ms)
 POST /api/log 200 in 13ms (next.js: 4ms, application-code: 9ms)
 POST /api/log 200 in 17ms (next.js: 4ms, application-code: 12ms)
 POST /api/writing-support 200 in 1906ms
 POST /api/log 200 in 25ms (next.js: 8ms, application-code: 17ms)
 POST /api/log 200 in 12ms (next.js: 1911µs, application-code: 10ms)
 POST /api/log 200 in 16ms (next.js: 6ms, application-code: 10ms)
 POST /api/log 200 in 13ms (next.js: 6ms, application-code: 8ms)
 POST /api/log 200 in 10ms (next.js: 3ms, application-code: 7ms)
 POST /api/log 200 in 17ms (next.js: 7ms, application-code: 11ms)
 POST /api/log 200 in 18ms (next.js: 6ms, application-code: 12ms)
 POST /api/log 200 in 16ms (next.js: 5ms, application-code: 11ms)
 POST /api/log 200 in 17ms (next.js: 4ms, application-code: 13ms)
 POST /api/log 200 in 8ms (next.js: 2ms, application-code: 6ms)
 POST /api/log 200 in 18ms (next.js: 4ms, application-code: 14ms)
 POST /api/log 200 in 18ms (next.js: 7ms, application-code: 11ms)
 POST /api/log 200 in 15ms (next.js: 4ms, application-code: 11ms)
 POST /api/log 200 in 17ms (next.js: 5ms, application-code: 12ms)
 POST /api/log 200 in 11ms (next.js: 3ms, application-code: 7ms)
 POST /api/log 200 in 17ms (next.js: 5ms, application-code: 12ms)
 POST /api/log 200 in 16ms (next.js: 5ms, application-code: 11ms)
 POST /api/log 200 in 18ms (next.js: 6ms, application-code: 12ms)
 POST /api/log 200 in 15ms (next.js: 5ms, application-code: 10ms)
 POST /api/log 200 in 9ms (next.js: 3ms, application-code: 6ms)
 POST /api/log 200 in 16ms (next.js: 5ms, application-code: 11ms)
 POST /api/log 200 in 16ms (next.js: 6ms, application-code: 10ms)
 POST /api/log 200 in 19ms (next.js: 8ms, application-code: 11ms)
 POST /api/log 200 in 20ms (next.js: 8ms, application-code: 13ms)
 POST /api/log 200 in 12ms (next.js: 4ms, application-code: 8ms)
 POST /api/log 200 in 15ms (next.js: 4ms, application-code: 11ms)
 POST /api/log 200 in 17ms (next.js: 4ms, application-code: 12ms)
 POST /api/log 200 in 18ms (next.js: 4ms, application-code: 14ms)
 POST /api/log 200 in 16ms (next.js: 4ms, application-code: 12ms)
 POST /api/log 200 in 7ms (next.js: 2ms, application-code: 5ms)
 POST /api/log 200 in 9ms (next.js: 3ms, application-code: 6ms)
 POST /api/log 200 in 16ms (next.js: 5ms, application-code: 11ms)
 POST /api/log 200 in 14ms (next.js: 4ms, application-code: 10ms)
 POST /api/log 200 in 18ms (next.js: 8ms, application-code: 10ms)
 POST /api/log 200 in 18ms (next.js: 7ms, application-code: 10ms)
 POST /api/log 200 in 11ms (next.js: 4ms, application-code: 8ms)
 POST /api/log 200 in 13ms (next.js: 4ms, application-code: 9ms)
 POST /api/log 200 in 16ms (next.js: 6ms, application-code: 11ms)
 POST /api/log 200 in 16ms (next.js: 5ms, application-code: 11ms)
 POST /api/log 200 in 21ms (next.js: 10ms, application-code: 11ms)
 POST /api/log 200 in 9ms (next.js: 3ms, application-code: 7ms)
 POST /api/log 200 in 17ms (next.js: 5ms, application-code: 12ms)
 POST /api/log 200 in 18ms (next.js: 6ms, application-code: 12ms)
 POST /api/log 200 in 18ms (next.js: 6ms, application-code: 12ms)
 POST /api/log 200 in 18ms (next.js: 5ms, application-code: 13ms)
 POST /api/log 200 in 8ms (next.js: 2ms, application-code: 6ms)
 POST /api/log 200 in 16ms (next.js: 6ms, application-code: 10ms)
 POST /api/log 200 in 15ms (next.js: 5ms, application-code: 10ms)
 POST /api/log 200 in 18ms (next.js: 5ms, application-code: 12ms)
 POST /api/log 200 in 17ms (next.js: 5ms, application-code: 12ms)
 POST /api/log 200 in 8ms (next.js: 2ms, application-code: 6ms)
 POST /api/log 200 in 18ms (next.js: 5ms, application-code: 13ms)
 POST /api/writing-support 200 in 1815ms
 POST /api/log 200 in 12ms (next.js: 2ms, application-code: 9ms)
 POST /api/log 200 in 16ms (next.js: 6ms, application-code: 10ms)
 POST /api/log 200 in 16ms (next.js: 5ms, application-code: 11ms)
 POST /api/log 200 in 16ms (next.js: 6ms, application-code: 11ms)
 POST /api/log 200 in 8ms (next.js: 2ms, application-code: 6ms)
 POST /api/log 200 in 17ms (next.js: 5ms, application-code: 12ms)
 POST /api/log 200 in 19ms (next.js: 7ms, application-code: 12ms)
 POST /api/log 200 in 19ms (next.js: 8ms, application-code: 11ms)
 POST /api/log 200 in 17ms (next.js: 6ms, application-code: 11ms)
 POST /api/log 200 in 12ms (next.js: 5ms, application-code: 7ms)
 POST /api/log 200 in 13ms (next.js: 4ms, application-code: 9ms)
 POST /api/log 200 in 15ms (next.js: 5ms, application-code: 10ms)
 POST /api/log 200 in 19ms (next.js: 6ms, application-code: 13ms)
 POST /api/log 200 in 26ms (next.js: 11ms, application-code: 14ms)
 POST /api/log 200 in 10ms (next.js: 3ms, application-code: 6ms)
 POST /api/log 200 in 18ms (next.js: 8ms, application-code: 10ms)
 POST /api/log 200 in 17ms (next.js: 5ms, application-code: 11ms)
 POST /api/log 200 in 19ms (next.js: 9ms, application-code: 10ms)
 POST /api/log 200 in 17ms (next.js: 6ms, application-code: 11ms)
 POST /api/log 200 in 16ms (next.js: 3ms, application-code: 14ms)
 POST /api/log 200 in 16ms (next.js: 4ms, application-code: 12ms)
 POST /api/log 200 in 17ms (next.js: 4ms, application-code: 12ms)
 POST /api/log 200 in 16ms (next.js: 5ms, application-code: 11ms)
 POST /api/log 200 in 17ms (next.js: 7ms, application-code: 11ms)
 POST /api/log 200 in 11ms (next.js: 3ms, application-code: 8ms)
 POST /api/log 200 in 8ms (next.js: 2ms, application-code: 6ms)
 POST /api/log 200 in 15ms (next.js: 4ms, application-code: 10ms)
 POST /api/log 200 in 17ms (next.js: 6ms, application-code: 10ms)
 POST /api/log 200 in 18ms (next.js: 6ms, application-code: 11ms)
 POST /api/log 200 in 18ms (next.js: 7ms, application-code: 11ms)
 POST /api/log 200 in 9ms (next.js: 3ms, application-code: 6ms)
 POST /api/log 200 in 19ms (next.js: 6ms, application-code: 12ms)
 POST /api/log 200 in 17ms (next.js: 5ms, application-code: 12ms)
 POST /api/log 200 in 20ms (next.js: 5ms, application-code: 15ms)
 POST /api/log 200 in 17ms (next.js: 5ms, application-code: 12ms)
 POST /api/log 200 in 12ms (next.js: 2ms, application-code: 9ms)
 POST /api/log 200 in 17ms (next.js: 5ms, application-code: 11ms)
 POST /api/log 200 in 16ms (next.js: 5ms, application-code: 11ms)
 POST /api/log 200 in 17ms (next.js: 6ms, application-code: 12ms)
 POST /api/log 200 in 21ms (next.js: 7ms, application-code: 13ms)
 POST /api/log 200 in 9ms (next.js: 1801µs, application-code: 7ms)
 POST /api/log 200 in 19ms (next.js: 7ms, application-code: 12ms)
 POST /api/log 200 in 17ms (next.js: 6ms, application-code: 11ms)
 POST /api/log 200 in 16ms (next.js: 6ms, application-code: 11ms)
 POST /api/log 200 in 16ms (next.js: 6ms, application-code: 10ms)
 POST /api/log 200 in 9ms (next.js: 3ms, application-code: 6ms)
 POST /api/log 200 in 15ms (next.js: 5ms, application-code: 10ms)
 POST /api/log 200 in 21ms (next.js: 7ms, application-code: 14ms)
 POST /api/log 200 in 18ms (next.js: 6ms, application-code: 12ms)
 POST /api/log 200 in 17ms (next.js: 4ms, application-code: 12ms)
 POST /api/log 200 in 15ms (next.js: 4ms, application-code: 11ms)
 POST /api/log 200 in 15ms (next.js: 2ms, application-code: 13ms)
 POST /api/log 200 in 10ms (next.js: 3ms, application-code: 7ms)
 POST /api/log 200 in 17ms (next.js: 5ms, application-code: 12ms)
 POST /api/log 200 in 18ms (next.js: 8ms, application-code: 10ms)
 POST /api/log 200 in 12ms (next.js: 4ms, application-code: 8ms)
 POST /api/log 200 in 9ms (next.js: 2ms, application-code: 7ms)
 POST /api/log 200 in 12ms (next.js: 4ms, application-code: 8ms)
 POST /api/log 200 in 15ms (next.js: 5ms, application-code: 10ms)
 POST /api/log 200 in 14ms (next.js: 4ms, application-code: 11ms)
 POST /api/log 200 in 18ms (next.js: 4ms, application-code: 14ms)
 POST /api/writing-support 200 in 2.1s
 POST /api/log 200 in 14ms (next.js: 3ms, application-code: 11ms)
 POST /api/log 200 in 19ms (next.js: 7ms, application-code: 12ms)
 POST /api/log 200 in 13ms (next.js: 4ms, application-code: 8ms)
 POST /api/log 200 in 18ms (next.js: 7ms, application-code: 11ms)
 POST /api/log 200 in 15ms (next.js: 4ms, application-code: 11ms)
 POST /api/log 200 in 14ms (next.js: 3ms, application-code: 10ms)
 POST /api/log 200 in 18ms (next.js: 6ms, application-code: 12ms)
 POST /api/log 200 in 8ms (next.js: 2ms, application-code: 6ms)
 POST /api/log 200 in 18ms (next.js: 6ms, application-code: 11ms)
 POST /api/log 200 in 18ms (next.js: 6ms, application-code: 12ms)
 POST /api/log 200 in 15ms (next.js: 4ms, application-code: 11ms)
 POST /api/log 200 in 19ms (next.js: 7ms, application-code: 11ms)
 POST /api/log 200 in 15ms (next.js: 4ms, application-code: 11ms)
 POST /api/log 200 in 28ms (next.js: 21ms, application-code: 6ms)
 POST /api/log 200 in 16ms (next.js: 5ms, application-code: 11ms)
 POST /api/log 200 in 18ms (next.js: 5ms, application-code: 13ms)
 POST /api/log 200 in 16ms (next.js: 6ms, application-code: 10ms)
 POST /api/log 200 in 13ms (next.js: 5ms, application-code: 8ms)
 POST /api/log 200 in 8ms (next.js: 3ms, application-code: 6ms)
 POST /api/log 200 in 16ms (next.js: 5ms, application-code: 10ms)
 POST /api/log 200 in 16ms (next.js: 5ms, application-code: 11ms)
 POST /api/log 200 in 18ms (next.js: 6ms, application-code: 11ms)
 POST /api/log 200 in 15ms (next.js: 4ms, application-code: 11ms)
 POST /api/log 200 in 18ms (next.js: 6ms, application-code: 12ms)
 POST /api/log 200 in 22ms (next.js: 5ms, application-code: 17ms)
 POST /api/log 200 in 7ms (next.js: 2ms, application-code: 5ms)
 POST /api/log 200 in 17ms (next.js: 6ms, application-code: 11ms)
 POST /api/log 200 in 16ms (next.js: 5ms, application-code: 12ms)
 POST /api/log 200 in 16ms (next.js: 6ms, application-code: 10ms)
 POST /api/log 200 in 22ms (next.js: 7ms, application-code: 15ms)
 POST /api/log 200 in 11ms (next.js: 3ms, application-code: 7ms)
 POST /api/log 200 in 17ms (next.js: 6ms, application-code: 11ms)
 POST /api/log 200 in 45ms (next.js: 8ms, application-code: 38ms)
 POST /api/log 200 in 18ms (next.js: 7ms, application-code: 11ms)
 POST /api/log 200 in 16ms (next.js: 4ms, application-code: 11ms)
 POST /api/log 200 in 9ms (next.js: 2ms, application-code: 7ms)
 POST /api/log 200 in 16ms (next.js: 5ms, application-code: 11ms)
 POST /api/log 200 in 16ms (next.js: 7ms, application-code: 10ms)
 POST /api/log 200 in 16ms (next.js: 5ms, application-code: 10ms)
 POST /api/log 200 in 17ms (next.js: 7ms, application-code: 10ms)
 POST /api/log 200 in 9ms (next.js: 3ms, application-code: 6ms)
 POST /api/log 200 in 13ms (next.js: 5ms, application-code: 8ms)
 POST /api/log 200 in 17ms (next.js: 5ms, application-code: 12ms)
 POST /api/log 200 in 18ms (next.js: 6ms, application-code: 12ms)
 POST /api/log 200 in 17ms (next.js: 5ms, application-code: 12ms)
 POST /api/log 200 in 17ms (next.js: 6ms, application-code: 11ms)
 POST /api/log 200 in 18ms (next.js: 6ms, application-code: 12ms)
 POST /api/log 200 in 18ms (next.js: 6ms, application-code: 12ms)
 POST /api/log 200 in 16ms (next.js: 6ms, application-code: 10ms)
 POST /api/log 200 in 19ms (next.js: 5ms, application-code: 14ms)
 POST /api/log 200 in 17ms (next.js: 4ms, application-code: 13ms)
 POST /api/log 200 in 13ms (next.js: 6ms, application-code: 7ms)
 POST /api/log 200 in 9ms (next.js: 3ms, application-code: 6ms)
 POST /api/log 200 in 13ms (next.js: 4ms, application-code: 10ms)
 POST /api/log 200 in 20ms (next.js: 4ms, application-code: 15ms)
 POST /api/log 200 in 15ms (next.js: 5ms, application-code: 10ms)
 POST /api/log 200 in 13ms (next.js: 5ms, application-code: 8ms)
 POST /api/log 200 in 10ms (next.js: 3ms, application-code: 7ms)
 POST /api/log 200 in 15ms (next.js: 4ms, application-code: 12ms)
 POST /api/log 200 in 15ms (next.js: 7ms, application-code: 8ms)
 POST /api/writing-support 200 in 1918ms
 POST /api/log 200 in 14ms (next.js: 5ms, application-code: 9ms)
 POST /api/log 200 in 10ms (next.js: 3ms, application-code: 7ms)
 POST /api/log 200 in 19ms (next.js: 7ms, application-code: 12ms)
 POST /api/log 200 in 9ms (next.js: 2ms, application-code: 7ms)
 POST /api/log 200 in 18ms (next.js: 5ms, application-code: 13ms)
 POST /api/log 200 in 17ms (next.js: 7ms, application-code: 10ms)
 POST /api/log 200 in 17ms (next.js: 6ms, application-code: 11ms)
 POST /api/log 200 in 15ms (next.js: 5ms, application-code: 10ms)
 POST /api/log 200 in 13ms (next.js: 3ms, application-code: 9ms)
 POST /api/log 200 in 16ms (next.js: 4ms, application-code: 12ms)
 POST /api/log 200 in 16ms (next.js: 5ms, application-code: 11ms)
 POST /api/log 200 in 17ms (next.js: 6ms, application-code: 11ms)
 POST /api/log 200 in 21ms (next.js: 8ms, application-code: 13ms)
 POST /api/log 200 in 8ms (next.js: 2ms, application-code: 5ms)
 POST /api/log 200 in 11ms (next.js: 5ms, application-code: 6ms)
 POST /api/log 200 in 17ms (next.js: 7ms, application-code: 10ms)
 POST /api/log 200 in 18ms (next.js: 6ms, application-code: 12ms)
 POST /api/log 200 in 19ms (next.js: 6ms, application-code: 13ms)
 POST /api/log 200 in 15ms (next.js: 5ms, application-code: 10ms)
 POST /api/log 200 in 7ms (next.js: 2ms, application-code: 5ms)
 POST /api/log 200 in 17ms (next.js: 6ms, application-code: 11ms)
 POST /api/log 200 in 20ms (next.js: 10ms, application-code: 10ms)
 POST /api/log 200 in 20ms (next.js: 8ms, application-code: 13ms)
 POST /api/log 200 in 17ms (next.js: 6ms, application-code: 11ms)
 POST /api/log 200 in 11ms (next.js: 3ms, application-code: 8ms)
 POST /api/log 200 in 17ms (next.js: 6ms, application-code: 12ms)
 POST /api/log 200 in 17ms (next.js: 7ms, application-code: 11ms)
 POST /api/log 200 in 17ms (next.js: 6ms, application-code: 10ms)
 POST /api/log 200 in 17ms (next.js: 6ms, application-code: 11ms)
 POST /api/log 200 in 16ms (next.js: 7ms, application-code: 9ms)
 POST /api/log 200 in 17ms (next.js: 6ms, application-code: 11ms)
 POST /api/log 200 in 18ms (next.js: 6ms, application-code: 12ms)
 POST /api/log 200 in 13ms (next.js: 4ms, application-code: 8ms)
 POST /api/log 200 in 16ms (next.js: 5ms, application-code: 12ms)
 POST /api/log 200 in 16ms (next.js: 6ms, application-code: 10ms)
 POST /api/log 200 in 20ms (next.js: 7ms, application-code: 13ms)
 POST /api/log 200 in 18ms (next.js: 7ms, application-code: 11ms)
 POST /api/log 200 in 8ms (next.js: 2ms, application-code: 6ms)
 POST /api/log 200 in 17ms (next.js: 5ms, application-code: 13ms)
 POST /api/log 200 in 16ms (next.js: 4ms, application-code: 12ms)
 POST /api/log 200 in 20ms (next.js: 8ms, application-code: 12ms)
 POST /api/log 200 in 16ms (next.js: 6ms, application-code: 10ms)
 POST /api/log 200 in 8ms (next.js: 2ms, application-code: 6ms)
 POST /api/log 200 in 17ms (next.js: 6ms, application-code: 11ms)
 POST /api/log 200 in 18ms (next.js: 7ms, application-code: 11ms)
 POST /api/log 200 in 14ms (next.js: 4ms, application-code: 11ms)
 POST /api/log 200 in 20ms (next.js: 9ms, application-code: 11ms)
 POST /api/log 200 in 10ms (next.js: 3ms, application-code: 8ms)
 POST /api/log 200 in 17ms (next.js: 4ms, application-code: 13ms)
 POST /api/log 200 in 17ms (next.js: 4ms, application-code: 12ms)
 POST /api/log 200 in 16ms (next.js: 6ms, application-code: 11ms)
 POST /api/log 200 in 25ms (next.js: 4ms, application-code: 20ms)
 POST /api/log 200 in 18ms (next.js: 5ms, application-code: 14ms)
 POST /api/log 200 in 17ms (next.js: 5ms, application-code: 12ms)
 POST /api/log 200 in 12ms (next.js: 2ms, application-code: 10ms)
 POST /api/log 200 in 10ms (next.js: 4ms, application-code: 6ms)
 POST /api/log 200 in 22ms (next.js: 7ms, application-code: 15ms)
 POST /api/log 200 in 17ms (next.js: 4ms, application-code: 13ms)
 POST /api/log 200 in 12ms (next.js: 4ms, application-code: 8ms)
 POST /api/log 200 in 16ms (next.js: 5ms, application-code: 12ms)
 POST /api/log 200 in 11ms (next.js: 3ms, application-code: 8ms)
 POST /api/log 200 in 15ms (next.js: 5ms, application-code: 10ms)
 POST /api/log 200 in 11ms (next.js: 4ms, application-code: 8ms)
 POST /api/writing-support 200 in 2.1s
 POST /api/log 200 in 10ms (next.js: 3ms, application-code: 7ms)
 POST /api/log 200 in 18ms (next.js: 6ms, application-code: 12ms)
 POST /api/log 200 in 10ms (next.js: 3ms, application-code: 7ms)
 POST /api/log 200 in 16ms (next.js: 4ms, application-code: 11ms)
 POST /api/log 200 in 18ms (next.js: 7ms, application-code: 11ms)
 POST /api/log 200 in 18ms (next.js: 6ms, application-code: 12ms)
 POST /api/log 200 in 13ms (next.js: 5ms, application-code: 8ms)
 POST /api/log 200 in 8ms (next.js: 2ms, application-code: 6ms)
 POST /api/log 200 in 16ms (next.js: 5ms, application-code: 11ms)
 POST /api/log 200 in 18ms (next.js: 6ms, application-code: 11ms)
 POST /api/log 200 in 21ms (next.js: 8ms, application-code: 13ms)
 POST /api/log 200 in 18ms (next.js: 8ms, application-code: 10ms)
 POST /api/log 200 in 11ms (next.js: 3ms, application-code: 8ms)
 POST /api/log 200 in 16ms (next.js: 6ms, application-code: 10ms)
 POST /api/log 200 in 20ms (next.js: 6ms, application-code: 14ms)
 POST /api/log 200 in 18ms (next.js: 7ms, application-code: 11ms)
 POST /api/log 200 in 18ms (next.js: 6ms, application-code: 12ms)
 POST /api/log 200 in 10ms (next.js: 3ms, application-code: 7ms)
 POST /api/log 200 in 11ms (next.js: 4ms, application-code: 7ms)
 POST /api/log 200 in 17ms (next.js: 7ms, application-code: 11ms)
 POST /api/log 200 in 18ms (next.js: 6ms, application-code: 12ms)
 POST /api/log 200 in 20ms (next.js: 8ms, application-code: 11ms)
 POST /api/log 200 in 13ms (next.js: 6ms, application-code: 7ms)
 POST /api/log 200 in 9ms (next.js: 3ms, application-code: 6ms)
 POST /api/log 200 in 18ms (next.js: 6ms, application-code: 12ms)
 POST /api/log 200 in 16ms (next.js: 6ms, application-code: 10ms)
 POST /api/log 200 in 19ms (next.js: 6ms, application-code: 13ms)
 POST /api/log 200 in 17ms (next.js: 6ms, application-code: 11ms)
 POST /api/log 200 in 14ms (next.js: 4ms, application-code: 10ms)
 POST /api/log 200 in 16ms (next.js: 5ms, application-code: 11ms)
 POST /api/log 200 in 17ms (next.js: 7ms, application-code: 10ms)
 POST /api/log 200 in 19ms (next.js: 7ms, application-code: 12ms)
 POST /api/log 200 in 18ms (next.js: 7ms, application-code: 11ms)
 POST /api/log 200 in 8ms (next.js: 2ms, application-code: 6ms)
 POST /api/log 200 in 16ms (next.js: 6ms, application-code: 11ms)
 POST /api/log 200 in 18ms (next.js: 7ms, application-code: 11ms)
 POST /api/log 200 in 16ms (next.js: 4ms, application-code: 11ms)
 POST /api/log 200 in 17ms (next.js: 6ms, application-code: 11ms)
 POST /api/log 200 in 8ms (next.js: 2ms, application-code: 6ms)
 POST /api/log 200 in 15ms (next.js: 4ms, application-code: 11ms)
 POST /api/log 200 in 17ms (next.js: 6ms, application-code: 11ms)
 POST /api/log 200 in 18ms (next.js: 6ms, application-code: 12ms)
 POST /api/log 200 in 19ms (next.js: 8ms, application-code: 11ms)
 POST /api/log 200 in 12ms (next.js: 3ms, application-code: 9ms)
 POST /api/log 200 in 15ms (next.js: 4ms, application-code: 10ms)
 POST /api/log 200 in 16ms (next.js: 6ms, application-code: 10ms)
 POST /api/log 200 in 17ms (next.js: 6ms, application-code: 11ms)
 POST /api/log 200 in 17ms (next.js: 4ms, application-code: 12ms)
 POST /api/log 200 in 9ms (next.js: 2ms, application-code: 7ms)
 POST /api/log 200 in 12ms (next.js: 3ms, application-code: 9ms)
 POST /api/log 200 in 21ms (next.js: 7ms, application-code: 14ms)
 POST /api/log 200 in 17ms (next.js: 6ms, application-code: 11ms)
 POST /api/log 200 in 18ms (next.js: 7ms, application-code: 11ms)
 POST /api/log 200 in 18ms (next.js: 5ms, application-code: 13ms)
 POST /api/log 200 in 10ms (next.js: 4ms, application-code: 6ms)
 POST /api/log 200 in 17ms (next.js: 5ms, application-code: 12ms)
 POST /api/log 200 in 18ms (next.js: 7ms, application-code: 11ms)
 POST /api/log 200 in 18ms (next.js: 7ms, application-code: 11ms)
 POST /api/log 200 in 19ms (next.js: 6ms, application-code: 13ms)
 POST /api/log 200 in 22ms (next.js: 5ms, application-code: 16ms)
 POST /api/log 200 in 16ms (next.js: 6ms, application-code: 11ms)
 POST /api/log 200 in 16ms (next.js: 6ms, application-code: 11ms)
 POST /api/log 200 in 29ms (next.js: 12ms, application-code: 17ms)
 POST /api/log 200 in 19ms (next.js: 7ms, application-code: 12ms)
 POST /api/log 200 in 8ms (next.js: 2ms, application-code: 6ms)
 POST /api/log 200 in 17ms (next.js: 6ms, application-code: 11ms)
 POST /api/log 200 in 18ms (next.js: 7ms, application-code: 11ms)
 POST /api/log 200 in 17ms (next.js: 4ms, application-code: 13ms)
 POST /api/log 200 in 22ms (next.js: 4ms, application-code: 17ms)
 POST /api/log 200 in 13ms (next.js: 5ms, application-code: 8ms)
 POST /api/log 200 in 10ms (next.js: 3ms, application-code: 7ms)
 POST /api/log 200 in 12ms (next.js: 3ms, application-code: 9ms)
 POST /api/log 200 in 16ms (next.js: 4ms, application-code: 12ms)
 POST /api/log 200 in 14ms (next.js: 3ms, application-code: 10ms)
 POST /api/log 200 in 15ms (next.js: 6ms, application-code: 8ms)
 POST /api/log 200 in 11ms (next.js: 3ms, application-code: 8ms)
 POST /api/log 200 in 14ms (next.js: 5ms, application-code: 9ms)
 POST /api/log 200 in 13ms (next.js: 5ms, application-code: 8ms)
 POST /api/log 200 in 11ms (next.js: 3ms, application-code: 8ms)
 POST /api/writing-support 200 in 1998ms
 POST /api/log 200 in 12ms (next.js: 3ms, application-code: 8ms)
 POST /api/log 200 in 18ms (next.js: 7ms, application-code: 11ms)
 POST /api/log 200 in 8ms (next.js: 2ms, application-code: 6ms)
 POST /api/log 200 in 12ms (next.js: 3ms, application-code: 10ms)
 POST /api/log 200 in 16ms (next.js: 5ms, application-code: 12ms)
 POST /api/log 200 in 17ms (next.js: 5ms, application-code: 12ms)
 POST /api/log 200 in 16ms (next.js: 7ms, application-code: 9ms)
 POST /api/log 200 in 14ms (next.js: 5ms, application-code: 8ms)
 POST /api/log 200 in 8ms (next.js: 2ms, application-code: 5ms)
 POST /api/log 200 in 18ms (next.js: 7ms, application-code: 11ms)
 POST /api/log 200 in 18ms (next.js: 6ms, application-code: 12ms)
 POST /api/log 200 in 19ms (next.js: 6ms, application-code: 13ms)
 POST /api/log 200 in 18ms (next.js: 6ms, application-code: 12ms)
 POST /api/log 200 in 8ms (next.js: 3ms, application-code: 6ms)
 POST /api/log 200 in 8ms (next.js: 2ms, application-code: 5ms)
 POST /api/log 200 in 15ms (next.js: 3ms, application-code: 12ms)
 POST /api/log 200 in 16ms (next.js: 6ms, application-code: 10ms)
 POST /api/log 200 in 19ms (next.js: 7ms, application-code: 12ms)
 POST /api/log 200 in 18ms (next.js: 6ms, application-code: 12ms)
 POST /api/log 200 in 19ms (next.js: 7ms, application-code: 12ms)
 POST /api/log 200 in 8ms (next.js: 2ms, application-code: 6ms)
 POST /api/log 200 in 19ms (next.js: 8ms, application-code: 11ms)
 POST /api/log 200 in 17ms (next.js: 4ms, application-code: 12ms)
 POST /api/log 200 in 17ms (next.js: 6ms, application-code: 11ms)
 POST /api/log 200 in 18ms (next.js: 5ms, application-code: 13ms)
 POST /api/log 200 in 9ms (next.js: 2ms, application-code: 7ms)
 POST /api/log 200 in 17ms (next.js: 6ms, application-code: 12ms)
 POST /api/log 200 in 18ms (next.js: 7ms, application-code: 11ms)
 POST /api/log 200 in 17ms (next.js: 6ms, application-code: 11ms)
 POST /api/log 200 in 17ms (next.js: 7ms, application-code: 10ms)
 POST /api/log 200 in 9ms (next.js: 2ms, application-code: 7ms)
 POST /api/log 200 in 15ms (next.js: 4ms, application-code: 11ms)
 POST /api/log 200 in 16ms (next.js: 4ms, application-code: 11ms)
 POST /api/log 200 in 18ms (next.js: 6ms, application-code: 12ms)
 POST /api/log 200 in 16ms (next.js: 6ms, application-code: 10ms)
 POST /api/log 200 in 10ms (next.js: 4ms, application-code: 6ms)
 POST /api/log 200 in 15ms (next.js: 4ms, application-code: 11ms)
 POST /api/log 200 in 16ms (next.js: 6ms, application-code: 10ms)
 POST /api/log 200 in 17ms (next.js: 6ms, application-code: 11ms)
 POST /api/log 200 in 19ms (next.js: 7ms, application-code: 12ms)
 POST /api/log 200 in 10ms (next.js: 2ms, application-code: 8ms)
 POST /api/log 200 in 12ms (next.js: 3ms, application-code: 9ms)
 POST /api/log 200 in 16ms (next.js: 5ms, application-code: 11ms)
 POST /api/log 200 in 18ms (next.js: 5ms, application-code: 12ms)
 POST /api/log 200 in 18ms (next.js: 7ms, application-code: 11ms)
 POST /api/log 200 in 19ms (next.js: 7ms, application-code: 12ms)
 POST /api/log 200 in 8ms (next.js: 2ms, application-code: 6ms)
 POST /api/log 200 in 18ms (next.js: 8ms, application-code: 10ms)
 POST /api/log 200 in 19ms (next.js: 6ms, application-code: 12ms)
 POST /api/log 200 in 23ms (next.js: 6ms, application-code: 17ms)
 POST /api/log 200 in 11ms (next.js: 4ms, application-code: 8ms)
 POST /api/log 200 in 15ms (next.js: 3ms, application-code: 12ms)
 POST /api/log 200 in 9ms (next.js: 2ms, application-code: 7ms)
 POST /api/log 200 in 13ms (next.js: 4ms, application-code: 10ms)
 POST /api/log 200 in 16ms (next.js: 6ms, application-code: 10ms)
 POST /api/log 200 in 13ms (next.js: 4ms, application-code: 9ms)
 POST /api/log 200 in 18ms (next.js: 5ms, application-code: 13ms)
 POST /api/log 200 in 13ms (next.js: 5ms, application-code: 7ms)
 POST /api/log 200 in 14ms (next.js: 5ms, application-code: 9ms)
 POST /api/log 200 in 13ms (next.js: 4ms, application-code: 9ms)
 POST /api/log 200 in 12ms (next.js: 4ms, application-code: 8ms)
 POST /api/writing-support 200 in 2.1s
 POST /api/log 200 in 15ms (next.js: 5ms, application-code: 10ms)
 POST /api/log 200 in 15ms (next.js: 6ms, application-code: 9ms)
 POST /api/log 200 in 12ms (next.js: 4ms, application-code: 7ms)
 POST /api/log 200 in 15ms (next.js: 4ms, application-code: 11ms)
 POST /api/log 200 in 38ms (next.js: 9ms, application-code: 29ms)
 POST /api/log 200 in 16ms (next.js: 5ms, application-code: 11ms)
 POST /api/log 200 in 19ms (next.js: 7ms, application-code: 12ms)
 POST /api/log 200 in 11ms (next.js: 4ms, application-code: 7ms)
 POST /api/log 200 in 16ms (next.js: 5ms, application-code: 11ms)
 POST /api/log 200 in 16ms (next.js: 5ms, application-code: 11ms)
 POST /api/log 200 in 19ms (next.js: 7ms, application-code: 12ms)
 POST /api/log 200 in 16ms (next.js: 5ms, application-code: 11ms)
 POST /api/log 200 in 9ms (next.js: 2ms, application-code: 7ms)
 POST /api/log 200 in 9ms (next.js: 2ms, application-code: 7ms)
 POST /api/log 200 in 25ms (next.js: 19ms, application-code: 6ms)
 POST /api/log 200 in 16ms (next.js: 5ms, application-code: 11ms)
 POST /api/log 200 in 17ms (next.js: 4ms, application-code: 13ms)
 POST /api/log 200 in 19ms (next.js: 7ms, application-code: 12ms)
 POST /api/log 200 in 9ms (next.js: 3ms, application-code: 7ms)
 POST /api/log 200 in 17ms (next.js: 6ms, application-code: 11ms)
 POST /api/log 200 in 17ms (next.js: 5ms, application-code: 12ms)
 POST /api/log 200 in 23ms (next.js: 6ms, application-code: 16ms)
 POST /api/log 200 in 19ms (next.js: 7ms, application-code: 12ms)
 POST /api/log 200 in 11ms (next.js: 4ms, application-code: 7ms)
 POST /api/log 200 in 17ms (next.js: 5ms, application-code: 12ms)
 POST /api/log 200 in 16ms (next.js: 5ms, application-code: 12ms)
 POST /api/log 200 in 15ms (next.js: 5ms, application-code: 10ms)
 POST /api/log 200 in 8ms (next.js: 1812µs, application-code: 6ms)
 POST /api/log 200 in 18ms (next.js: 6ms, application-code: 12ms)
 POST /api/log 200 in 20ms (next.js: 8ms, application-code: 12ms)
 POST /api/log 200 in 18ms (next.js: 6ms, application-code: 11ms)
 POST /api/log 200 in 19ms (next.js: 6ms, application-code: 13ms)
 POST /api/log 200 in 9ms (next.js: 2ms, application-code: 7ms)
 POST /api/log 200 in 15ms (next.js: 5ms, application-code: 10ms)
 POST /api/log 200 in 17ms (next.js: 4ms, application-code: 12ms)
 POST /api/log 200 in 17ms (next.js: 6ms, application-code: 11ms)
 POST /api/log 200 in 17ms (next.js: 6ms, application-code: 11ms)
 POST /api/log 200 in 12ms (next.js: 3ms, application-code: 9ms)
 POST /api/log 200 in 17ms (next.js: 5ms, application-code: 13ms)
 POST /api/log 200 in 17ms (next.js: 6ms, application-code: 11ms)
 POST /api/log 200 in 18ms (next.js: 6ms, application-code: 13ms)
 POST /api/log 200 in 14ms (next.js: 5ms, application-code: 9ms)
 POST /api/log 200 in 9ms (next.js: 4ms, application-code: 6ms)
 POST /api/log 200 in 21ms (next.js: 6ms, application-code: 14ms)
 POST /api/log 200 in 16ms (next.js: 5ms, application-code: 11ms)
 POST /api/log 200 in 17ms (next.js: 6ms, application-code: 10ms)
 POST /api/log 200 in 18ms (next.js: 7ms, application-code: 11ms)
 POST /api/log 200 in 9ms (next.js: 3ms, application-code: 6ms)
 POST /api/log 200 in 14ms (next.js: 4ms, application-code: 10ms)
 POST /api/log 200 in 17ms (next.js: 6ms, application-code: 11ms)
 POST /api/log 200 in 17ms (next.js: 5ms, application-code: 11ms)
 POST /api/log 200 in 24ms (next.js: 8ms, application-code: 15ms)
 POST /api/log 200 in 16ms (next.js: 2ms, application-code: 14ms)
 POST /api/log 200 in 15ms (next.js: 4ms, application-code: 11ms)
 POST /api/log 200 in 9ms (next.js: 1958µs, application-code: 7ms)
 POST /api/log 200 in 15ms (next.js: 6ms, application-code: 9ms)
 POST /api/log 200 in 13ms (next.js: 5ms, application-code: 8ms)
 POST /api/log 200 in 27ms (next.js: 10ms, application-code: 17ms)
 POST /api/log 200 in 16ms (next.js: 3ms, application-code: 12ms)
 POST /api/log 200 in 9ms (next.js: 3ms, application-code: 6ms)
 POST /api/log 200 in 15ms (next.js: 4ms, application-code: 12ms)
 POST /api/log 200 in 11ms (next.js: 3ms, application-code: 8ms)
 POST /api/log 200 in 11ms (next.js: 3ms, application-code: 8ms)
 POST /api/writing-support 200 in 2.2s
 POST /api/log 200 in 27ms (next.js: 4ms, application-code: 23ms)
 POST /api/log 200 in 23ms (next.js: 3ms, application-code: 19ms)
 POST /api/log 200 in 12ms (next.js: 4ms, application-code: 8ms)
 POST /api/log 200 in 14ms (next.js: 3ms, application-code: 11ms)
 POST /api/log 200 in 16ms (next.js: 4ms, application-code: 12ms)
 POST /api/log 200 in 18ms (next.js: 5ms, application-code: 13ms)
 POST /api/log 200 in 19ms (next.js: 8ms, application-code: 12ms)
 POST /api/log 200 in 9ms (next.js: 3ms, application-code: 6ms)
 POST /api/log 200 in 20ms (next.js: 10ms, application-code: 10ms)
 POST /api/log 200 in 17ms (next.js: 5ms, application-code: 13ms)
 POST /api/log 200 in 22ms (next.js: 8ms, application-code: 14ms)
 POST /api/log 200 in 21ms (next.js: 9ms, application-code: 11ms)
 POST /api/log 200 in 7ms (next.js: 1970µs, application-code: 6ms)
 POST /api/log 200 in 11ms (next.js: 5ms, application-code: 6ms)
 POST /api/log 200 in 19ms (next.js: 7ms, application-code: 11ms)
 POST /api/log 200 in 16ms (next.js: 5ms, application-code: 11ms)
 POST /api/log 200 in 21ms (next.js: 8ms, application-code: 13ms)
 POST /api/log 200 in 17ms (next.js: 5ms, application-code: 11ms)
 POST /api/log 200 in 9ms (next.js: 2ms, application-code: 7ms)
 POST /api/log 200 in 15ms (next.js: 4ms, application-code: 12ms)
 POST /api/log 200 in 14ms (next.js: 5ms, application-code: 9ms)
 POST /api/log 200 in 22ms (next.js: 9ms, application-code: 13ms)
 POST /api/log 200 in 16ms (next.js: 7ms, application-code: 9ms)
 POST /api/log 200 in 6ms (next.js: 1898µs, application-code: 4ms)
 POST /api/log 200 in 17ms (next.js: 6ms, application-code: 11ms)
 POST /api/log 200 in 26ms (next.js: 13ms, application-code: 13ms)
 POST /api/log 200 in 16ms (next.js: 5ms, application-code: 11ms)
 POST /api/log 200 in 20ms (next.js: 9ms, application-code: 11ms)
 POST /api/log 200 in 8ms (next.js: 3ms, application-code: 5ms)
 POST /api/log 200 in 17ms (next.js: 7ms, application-code: 10ms)
 POST /api/log 200 in 28ms (next.js: 7ms, application-code: 20ms)
 POST /api/log 200 in 10ms (next.js: 3ms, application-code: 7ms)
 POST /api/writing-support 200 in 5.5s
 POST /api/log 200 in 15ms (next.js: 3ms, application-code: 12ms)
 POST /api/log 200 in 14ms (next.js: 6ms, application-code: 8ms)
 POST /api/log 200 in 22ms (next.js: 8ms, application-code: 13ms)
 POST /api/log 200 in 17ms (next.js: 5ms, application-code: 12ms)
 POST /api/log 200 in 16ms (next.js: 6ms, application-code: 10ms)
 POST /api/log 200 in 10ms (next.js: 4ms, application-code: 6ms)
 POST /api/log 200 in 17ms (next.js: 7ms, application-code: 10ms)
 POST /api/log 200 in 18ms (next.js: 8ms, application-code: 10ms)
 POST /api/log 200 in 20ms (next.js: 8ms, application-code: 11ms)
 POST /api/log 200 in 18ms (next.js: 7ms, application-code: 11ms)
 POST /api/log 200 in 10ms (next.js: 3ms, application-code: 7ms)
 POST /api/log 200 in 18ms (next.js: 5ms, application-code: 13ms)
 POST /api/log 200 in 17ms (next.js: 6ms, application-code: 11ms)
 POST /api/log 200 in 17ms (next.js: 5ms, application-code: 11ms)
 POST /api/log 200 in 18ms (next.js: 7ms, application-code: 11ms)
 POST /api/log 200 in 11ms (next.js: 3ms, application-code: 8ms)
 POST /api/log 200 in 18ms (next.js: 5ms, application-code: 13ms)
 POST /api/log 200 in 17ms (next.js: 5ms, application-code: 12ms)
 POST /api/log 200 in 19ms (next.js: 7ms, application-code: 11ms)
 POST /api/log 200 in 17ms (next.js: 5ms, application-code: 12ms)
 POST /api/log 200 in 9ms (next.js: 2ms, application-code: 6ms)
 POST /api/log 200 in 8ms (next.js: 2ms, application-code: 6ms)
 POST /api/log 200 in 15ms (next.js: 4ms, application-code: 11ms)
 POST /api/log 200 in 16ms (next.js: 5ms, application-code: 10ms)
 POST /api/log 200 in 20ms (next.js: 8ms, application-code: 12ms)
 POST /api/log 200 in 16ms (next.js: 5ms, application-code: 11ms)
 POST /api/log 200 in 9ms (next.js: 2ms, application-code: 7ms)
 POST /api/log 200 in 17ms (next.js: 7ms, application-code: 10ms)
 POST /api/log 200 in 17ms (next.js: 7ms, application-code: 11ms)
 POST /api/log 200 in 17ms (next.js: 6ms, application-code: 11ms)
 POST /api/log 200 in 15ms (next.js: 6ms, application-code: 9ms)
 POST /api/log 200 in 8ms (next.js: 3ms, application-code: 6ms)
 POST /api/log 200 in 16ms (next.js: 5ms, application-code: 11ms)
 POST /api/log 200 in 18ms (next.js: 6ms, application-code: 12ms)
 POST /api/log 200 in 19ms (next.js: 6ms, application-code: 13ms)
 POST /api/log 200 in 18ms (next.js: 7ms, application-code: 11ms)
 POST /api/log 200 in 8ms (next.js: 2ms, application-code: 5ms)
 POST /api/log 200 in 18ms (next.js: 6ms, application-code: 12ms)
 POST /api/log 200 in 20ms (next.js: 6ms, application-code: 14ms)
 POST /api/log 200 in 19ms (next.js: 5ms, application-code: 14ms)
 POST /api/log 200 in 17ms (next.js: 6ms, application-code: 11ms)
 POST /api/log 200 in 15ms (next.js: 3ms, application-code: 13ms)
 POST /api/log 200 in 17ms (next.js: 5ms, application-code: 13ms)
 POST /api/log 200 in 19ms (next.js: 7ms, application-code: 13ms)
 POST /api/log 200 in 16ms (next.js: 6ms, application-code: 10ms)
 POST /api/log 200 in 20ms (next.js: 7ms, application-code: 12ms)
 POST /api/log 200 in 11ms (next.js: 4ms, application-code: 7ms)
 POST /api/log 200 in 11ms (next.js: 3ms, application-code: 8ms)
 POST /api/log 200 in 10ms (next.js: 3ms, application-code: 7ms)
 POST /api/log 200 in 18ms (next.js: 7ms, application-code: 11ms)
 POST /api/log 200 in 18ms (next.js: 7ms, application-code: 11ms)
 POST /api/log 200 in 16ms (next.js: 4ms, application-code: 13ms)
 POST /api/log 200 in 18ms (next.js: 4ms, application-code: 14ms)
 POST /api/log 200 in 9ms (next.js: 2ms, application-code: 6ms)
 POST /api/log 200 in 15ms (next.js: 4ms, application-code: 11ms)
 POST /api/log 200 in 12ms (next.js: 3ms, application-code: 9ms)
 POST /api/log 200 in 13ms (next.js: 3ms, application-code: 10ms)
 POST /api/log 200 in 11ms (next.js: 3ms, application-code: 8ms)
 POST /api/log 200 in 11ms (next.js: 3ms, application-code: 8ms)
 POST /api/log 200 in 13ms (next.js: 3ms, application-code: 9ms)
 POST /api/log 200 in 10ms (next.js: 2ms, application-code: 8ms)
 POST /api/log 200 in 15ms (next.js: 4ms, application-code: 10ms)
 POST /api/log 200 in 17ms (next.js: 6ms, application-code: 11ms)
 POST /api/log 200 in 9ms (next.js: 2ms, application-code: 7ms)
 POST /api/log 200 in 14ms (next.js: 5ms, application-code: 8ms)
 POST /api/writing-support 200 in 2.7s
 POST /api/log 200 in 11ms (next.js: 4ms, application-code: 7ms)
 POST /api/log 200 in 12ms (next.js: 5ms, application-code: 7ms)
 POST /api/log 200 in 18ms (next.js: 6ms, application-code: 11ms)
 POST /api/log 200 in 19ms (next.js: 7ms, application-code: 12ms)
 POST /api/log 200 in 12ms (next.js: 1881µs, application-code: 10ms)
 POST /api/log 200 in 16ms (next.js: 5ms, application-code: 11ms)
 POST /api/log 200 in 17ms (next.js: 5ms, application-code: 12ms)
 POST /api/log 200 in 17ms (next.js: 5ms, application-code: 11ms)
 POST /api/log 200 in 18ms (next.js: 6ms, application-code: 11ms)
 POST /api/log 200 in 9ms (next.js: 3ms, application-code: 6ms)
 POST /api/log 200 in 19ms (next.js: 7ms, application-code: 12ms)
 POST /api/log 200 in 17ms (next.js: 7ms, application-code: 11ms)
 POST /api/log 200 in 12ms (next.js: 4ms, application-code: 8ms)
 POST /api/log 200 in 8ms (next.js: 3ms, application-code: 5ms)
 POST /api/log 200 in 17ms (next.js: 6ms, application-code: 11ms)
 POST /api/log 200 in 19ms (next.js: 9ms, application-code: 11ms)
 POST /api/log 200 in 24ms (next.js: 6ms, application-code: 17ms)
 POST /api/log 200 in 17ms (next.js: 6ms, application-code: 12ms)
 POST /api/log 200 in 8ms (next.js: 2ms, application-code: 6ms)
 POST /api/log 200 in 17ms (next.js: 6ms, application-code: 11ms)
 POST /api/log 200 in 16ms (next.js: 4ms, application-code: 12ms)
 POST /api/log 200 in 20ms (next.js: 9ms, application-code: 11ms)
 POST /api/log 200 in 18ms (next.js: 8ms, application-code: 10ms)
 POST /api/log 200 in 11ms (next.js: 3ms, application-code: 8ms)
 POST /api/log 200 in 16ms (next.js: 6ms, application-code: 11ms)
 POST /api/log 200 in 20ms (next.js: 5ms, application-code: 15ms)
 POST /api/log 200 in 20ms (next.js: 7ms, application-code: 13ms)
 POST /api/log 200 in 20ms (next.js: 8ms, application-code: 12ms)
 POST /api/log 200 in 15ms (next.js: 4ms, application-code: 11ms)
 POST /api/log 200 in 15ms (next.js: 4ms, application-code: 10ms)
 POST /api/log 200 in 17ms (next.js: 6ms, application-code: 11ms)
 POST /api/log 200 in 17ms (next.js: 5ms, application-code: 13ms)
 POST /api/log 200 in 18ms (next.js: 6ms, application-code: 12ms)
 POST /api/log 200 in 7ms (next.js: 2ms, application-code: 5ms)
 POST /api/log 200 in 11ms (next.js: 5ms, application-code: 6ms)
 POST /api/log 200 in 18ms (next.js: 4ms, application-code: 14ms)
 POST /api/log 200 in 18ms (next.js: 8ms, application-code: 11ms)
 POST /api/log 200 in 17ms (next.js: 5ms, application-code: 12ms)
 POST /api/log 200 in 19ms (next.js: 6ms, application-code: 13ms)
 POST /api/log 200 in 10ms (next.js: 3ms, application-code: 7ms)
 POST /api/log 200 in 15ms (next.js: 5ms, application-code: 10ms)
 POST /api/log 200 in 21ms (next.js: 6ms, application-code: 14ms)
 POST /api/log 200 in 19ms (next.js: 6ms, application-code: 13ms)
 POST /api/log 200 in 16ms (next.js: 5ms, application-code: 10ms)
 POST /api/log 200 in 8ms (next.js: 2ms, application-code: 5ms)
 POST /api/log 200 in 19ms (next.js: 7ms, application-code: 12ms)
 POST /api/log 200 in 15ms (next.js: 4ms, application-code: 11ms)
 POST /api/log 200 in 21ms (next.js: 6ms, application-code: 15ms)
 POST /api/log 200 in 18ms (next.js: 5ms, application-code: 12ms)
 POST /api/log 200 in 15ms (next.js: 5ms, application-code: 10ms)
 POST /api/log 200 in 9ms (next.js: 3ms, application-code: 7ms)
 POST /api/log 200 in 13ms (next.js: 4ms, application-code: 9ms)
 POST /api/log 200 in 12ms (next.js: 3ms, application-code: 8ms)
 POST /api/log 200 in 13ms (next.js: 5ms, application-code: 8ms)
 POST /api/log 200 in 15ms (next.js: 5ms, application-code: 11ms)
 POST /api/log 200 in 9ms (next.js: 2ms, application-code: 7ms)
 POST /api/log 200 in 14ms (next.js: 4ms, application-code: 10ms)
 POST /api/log 200 in 14ms (next.js: 3ms, application-code: 11ms)
 POST /api/writing-support 200 in 1879ms
 POST /api/log 200 in 11ms (next.js: 3ms, application-code: 7ms)
 POST /api/log 200 in 10ms (next.js: 2ms, application-code: 8ms)
 POST /api/log 200 in 22ms (next.js: 10ms, application-code: 12ms)
 POST /api/log 200 in 32ms (next.js: 9ms, application-code: 23ms)
 POST /api/log 200 in 18ms (next.js: 6ms, application-code: 12ms)
 POST /api/log 200 in 10ms (next.js: 2ms, application-code: 7ms)
 POST /api/log 200 in 9ms (next.js: 2ms, application-code: 7ms)
 POST /api/log 200 in 14ms (next.js: 5ms, application-code: 9ms)
 POST /api/log 200 in 16ms (next.js: 5ms, application-code: 11ms)
 POST /api/log 200 in 17ms (next.js: 7ms, application-code: 11ms)
 POST /api/log 200 in 17ms (next.js: 5ms, application-code: 12ms)
 POST /api/log 200 in 10ms (next.js: 3ms, application-code: 7ms)
 POST /api/log 200 in 14ms (next.js: 4ms, application-code: 10ms)
 POST /api/log 200 in 17ms (next.js: 5ms, application-code: 11ms)
 POST /api/log 200 in 18ms (next.js: 6ms, application-code: 12ms)
 POST /api/log 200 in 18ms (next.js: 8ms, application-code: 10ms)
 POST /api/log 200 in 9ms (next.js: 2ms, application-code: 6ms)
 POST /api/log 200 in 17ms (next.js: 5ms, application-code: 12ms)
 POST /api/log 200 in 23ms (next.js: 4ms, application-code: 18ms)
 POST /api/log 200 in 18ms (next.js: 7ms, application-code: 11ms)
 POST /api/log 200 in 17ms (next.js: 5ms, application-code: 12ms)
 POST /api/log 200 in 11ms (next.js: 2ms, application-code: 8ms)
 POST /api/log 200 in 17ms (next.js: 5ms, application-code: 11ms)
 POST /api/log 200 in 16ms (next.js: 5ms, application-code: 11ms)
 POST /api/log 200 in 19ms (next.js: 6ms, application-code: 13ms)
 POST /api/log 200 in 18ms (next.js: 6ms, application-code: 12ms)
 POST /api/log 200 in 11ms (next.js: 4ms, application-code: 7ms)
 POST /api/log 200 in 17ms (next.js: 4ms, application-code: 13ms)
 POST /api/log 200 in 19ms (next.js: 8ms, application-code: 12ms)
 POST /api/log 200 in 18ms (next.js: 7ms, application-code: 11ms)
 POST /api/log 200 in 19ms (next.js: 6ms, application-code: 13ms)
 POST /api/log 200 in 10ms (next.js: 3ms, application-code: 6ms)
 POST /api/log 200 in 18ms (next.js: 4ms, application-code: 13ms)
 POST /api/log 200 in 18ms (next.js: 7ms, application-code: 11ms)
 POST /api/log 200 in 28ms (next.js: 9ms, application-code: 20ms)
 POST /api/log 200 in 17ms (next.js: 6ms, application-code: 11ms)
 POST /api/log 200 in 15ms (next.js: 6ms, application-code: 9ms)
 POST /api/log 200 in 7ms (next.js: 2ms, application-code: 5ms)
 POST /api/log 200 in 17ms (next.js: 5ms, application-code: 12ms)
 POST /api/log 200 in 16ms (next.js: 6ms, application-code: 11ms)
 POST /api/log 200 in 19ms (next.js: 7ms, application-code: 12ms)
 POST /api/log 200 in 18ms (next.js: 5ms, application-code: 13ms)
 POST /api/log 200 in 11ms (next.js: 3ms, application-code: 8ms)
 POST /api/log 200 in 18ms (next.js: 7ms, application-code: 11ms)
 POST /api/log 200 in 17ms (next.js: 5ms, application-code: 12ms)
 POST /api/log 200 in 17ms (next.js: 6ms, application-code: 11ms)
 POST /api/log 200 in 21ms (next.js: 8ms, application-code: 13ms)
 POST /api/log 200 in 17ms (next.js: 3ms, application-code: 14ms)
 POST /api/log 200 in 16ms (next.js: 5ms, application-code: 11ms)
 POST /api/log 200 in 19ms (next.js: 6ms, application-code: 13ms)
 POST /api/log 200 in 20ms (next.js: 6ms, application-code: 14ms)
 POST /api/log 200 in 15ms (next.js: 4ms, application-code: 11ms)
 POST /api/log 200 in 18ms (next.js: 5ms, application-code: 13ms)
 POST /api/log 200 in 11ms (next.js: 4ms, application-code: 7ms)
 POST /api/log 200 in 13ms (next.js: 4ms, application-code: 9ms)
 POST /api/log 200 in 21ms (next.js: 5ms, application-code: 15ms)
 POST /api/log 200 in 26ms (next.js: 8ms, application-code: 17ms)
 POST /api/log 200 in 11ms (next.js: 3ms, application-code: 8ms)
 POST /api/log 200 in 13ms (next.js: 4ms, application-code: 9ms)
 POST /api/log 200 in 18ms (next.js: 4ms, application-code: 14ms)
 POST /api/log 200 in 11ms (next.js: 4ms, application-code: 7ms)
 POST /api/log 200 in 11ms (next.js: 4ms, application-code: 7ms)
 POST /api/writing-support 200 in 2.2s
 POST /api/log 200 in 35ms (next.js: 5ms, application-code: 30ms)
 POST /api/log 200 in 28ms (next.js: 5ms, application-code: 23ms)
 POST /api/log 200 in 15ms (next.js: 5ms, application-code: 10ms)
 POST /api/log 200 in 12ms (next.js: 3ms, application-code: 9ms)
 POST /api/log 200 in 16ms (next.js: 5ms, application-code: 11ms)
 POST /api/log 200 in 17ms (next.js: 7ms, application-code: 11ms)
 POST /api/log 200 in 19ms (next.js: 8ms, application-code: 11ms)
 POST /api/log 200 in 11ms (next.js: 4ms, application-code: 7ms)
 POST /api/log 200 in 9ms (next.js: 3ms, application-code: 6ms)
 POST /api/log 200 in 18ms (next.js: 6ms, application-code: 12ms)
 POST /api/log 200 in 9ms (next.js: 4ms, application-code: 5ms)
 POST /api/log 200 in 20ms (next.js: 7ms, application-code: 13ms)
 POST /api/log 200 in 15ms (next.js: 5ms, application-code: 10ms)
 POST /api/log 200 in 8ms (next.js: 2ms, application-code: 6ms)
 POST /api/log 200 in 18ms (next.js: 7ms, application-code: 11ms)
 POST /api/log 200 in 17ms (next.js: 7ms, application-code: 10ms)
 POST /api/log 200 in 8ms (next.js: 2ms, application-code: 5ms)
 POST /api/log 200 in 8ms (next.js: 3ms, application-code: 6ms)
 POST /api/log 200 in 17ms (next.js: 6ms, application-code: 11ms)
 POST /api/log 200 in 15ms (next.js: 4ms, application-code: 11ms)
 POST /api/log 200 in 15ms (next.js: 4ms, application-code: 11ms)
 POST /api/log 200 in 15ms (next.js: 5ms, application-code: 11ms)
 POST /api/log 200 in 9ms (next.js: 3ms, application-code: 6ms)
 POST /api/log 200 in 16ms (next.js: 6ms, application-code: 10ms)
 POST /api/log 200 in 15ms (next.js: 5ms, application-code: 10ms)
 POST /api/log 200 in 19ms (next.js: 5ms, application-code: 14ms)
 POST /api/log 200 in 14ms (next.js: 5ms, application-code: 9ms)
 POST /api/log 200 in 7ms (next.js: 2ms, application-code: 5ms)
 POST /api/log 200 in 14ms (next.js: 5ms, application-code: 9ms)
 POST /api/log 200 in 16ms (next.js: 6ms, application-code: 10ms)
 POST /api/log 200 in 16ms (next.js: 4ms, application-code: 12ms)
 POST /api/log 200 in 16ms (next.js: 5ms, application-code: 11ms)
 POST /api/log 200 in 9ms (next.js: 3ms, application-code: 6ms)
 POST /api/log 200 in 15ms (next.js: 5ms, application-code: 9ms)
 POST /api/log 200 in 19ms (next.js: 7ms, application-code: 12ms)
 POST /api/log 200 in 16ms (next.js: 6ms, application-code: 10ms)
 POST /api/log 200 in 16ms (next.js: 5ms, application-code: 11ms)
 POST /api/log 200 in 8ms (next.js: 3ms, application-code: 6ms)
 POST /api/log 200 in 10ms (next.js: 4ms, application-code: 5ms)
 POST /api/log 200 in 10ms (next.js: 4ms, application-code: 6ms)
 POST /api/log 200 in 19ms (next.js: 8ms, application-code: 10ms)
 POST /api/log 200 in 18ms (next.js: 7ms, application-code: 11ms)
 POST /api/log 200 in 13ms (next.js: 4ms, application-code: 9ms)
 POST /api/log 200 in 8ms (next.js: 3ms, application-code: 5ms)
 POST /api/log 200 in 15ms (next.js: 6ms, application-code: 9ms)
 POST /api/log 200 in 18ms (next.js: 7ms, application-code: 10ms)
 POST /api/log 200 in 19ms (next.js: 7ms, application-code: 13ms)
 POST /api/log 200 in 18ms (next.js: 8ms, application-code: 11ms)
 POST /api/log 200 in 9ms (next.js: 3ms, application-code: 6ms)
 POST /api/log 200 in 16ms (next.js: 6ms, application-code: 10ms)
 POST /api/log 200 in 16ms (next.js: 4ms, application-code: 11ms)
 POST /api/writing-support 200 in 2.7s
 POST /api/log 200 in 24ms (next.js: 8ms, application-code: 15ms)
 POST /api/log 200 in 13ms (next.js: 4ms, application-code: 9ms)
 POST /api/log 200 in 17ms (next.js: 7ms, application-code: 10ms)
 POST /api/log 200 in 17ms (next.js: 5ms, application-code: 12ms)
 POST /api/log 200 in 20ms (next.js: 7ms, application-code: 12ms)
 POST /api/log 200 in 10ms (next.js: 3ms, application-code: 7ms)
 POST /api/log 200 in 35ms (next.js: 11ms, application-code: 25ms)
 GET /study?page=debrief&username=sim-04-room-e-engaged&condition=e&scenario=roomDoubleBooking 200 in 313ms (next.js: 34ms, application-code: 279ms)
 POST /api/log 200 in 45ms (next.js: 17ms, application-code: 29ms)
 GET /study?page=post-task-survey&username=sim-04-room-e-engaged&condition=e&scenario=roomDoubleBooking 200 in 96ms (next.js: 13ms, application-code: 83ms)
 POST /api/log 200 in 20ms (next.js: 5ms, application-code: 15ms)
 POST /api/log 200 in 19ms (next.js: 7ms, application-code: 12ms)
 GET /study?page=final&username=sim-04-room-e-engaged&condition=e&scenario=roomDoubleBooking 200 in 53ms (next.js: 6ms, application-code: 46ms)
 POST /api/log 200 in 20ms (next.js: 5ms, application-code: 15ms)
