
> writing-task-app@0.1.0 dev
> next dev --port 3000

▲ Next.js 16.2.6 (Turbopack)
- Local:         http://localhost:3000
- Network:       http://192.168.1.75:3000
- Environments: .env.local
✓ Ready in 1458ms

 GET / 200 in 316ms (next.js: 198ms, application-code: 118ms)
 GET /study?page=intro&username=sim-06-room-e-unconcerned&condition=e&scenario=roomDoubleBooking 200 in 133ms (next.js: 21ms, application-code: 112ms)
 GET /study?page=intro&username=sim-06-room-e-unconcerned&condition=e&scenario=roomDoubleBooking 200 in 54ms (next.js: 9ms, application-code: 46ms)
 POST /api/log 200 in 72ms (next.js: 53ms, application-code: 19ms)
 POST /api/log 200 in 12ms (next.js: 3ms, application-code: 8ms)
 GET /study?page=intro-survey&username=sim-06-room-e-unconcerned&condition=e&scenario=roomDoubleBooking 200 in 55ms (next.js: 4ms, application-code: 51ms)
 POST /api/log 200 in 27ms (next.js: 8ms, application-code: 19ms)
 POST /api/log 200 in 23ms (next.js: 8ms, application-code: 14ms)
 GET /study?page=start-task&username=sim-06-room-e-unconcerned&condition=e&scenario=roomDoubleBooking 200 in 54ms (next.js: 6ms, application-code: 48ms)
 POST /api/log 200 in 17ms (next.js: 3ms, application-code: 14ms)
 POST /api/log 200 in 23ms (next.js: 7ms, application-code: 16ms)
 GET /study?page=task&username=sim-06-room-e-unconcerned&condition=e&scenario=roomDoubleBooking 200 in 49ms (next.js: 6ms, application-code: 43ms)
 POST /api/log 200 in 16ms (next.js: 6ms, application-code: 11ms)
 POST /api/log 200 in 17ms (next.js: 3ms, application-code: 13ms)
 POST /api/log 200 in 31ms (next.js: 8ms, application-code: 23ms)
 POST /api/log 200 in 15ms (next.js: 7ms, application-code: 9ms)
 POST /api/log 200 in 18ms (next.js: 7ms, application-code: 11ms)
 POST /api/log 200 in 21ms (next.js: 9ms, application-code: 11ms)
 POST /api/log 200 in 21ms (next.js: 9ms, application-code: 11ms)
 POST /api/log 200 in 16ms (next.js: 5ms, application-code: 11ms)
 POST /api/log 200 in 8ms (next.js: 3ms, application-code: 5ms)
 POST /api/log 200 in 15ms (next.js: 6ms, application-code: 9ms)
 POST /api/log 200 in 20ms (next.js: 6ms, application-code: 15ms)
 POST /api/log 200 in 15ms (next.js: 4ms, application-code: 11ms)
 POST /api/log 200 in 13ms (next.js: 4ms, application-code: 9ms)
 POST /api/log 200 in 7ms (next.js: 2ms, application-code: 5ms)
 POST /api/log 200 in 13ms (next.js: 6ms, application-code: 7ms)
 POST /api/log 200 in 20ms (next.js: 6ms, application-code: 14ms)
 POST /api/log 200 in 18ms (next.js: 7ms, application-code: 11ms)
 POST /api/log 200 in 15ms (next.js: 5ms, application-code: 10ms)
 POST /api/log 200 in 19ms (next.js: 7ms, application-code: 12ms)
 POST /api/log 200 in 17ms (next.js: 6ms, application-code: 11ms)
 POST /api/log 200 in 16ms (next.js: 5ms, application-code: 11ms)
 POST /api/log 200 in 17ms (next.js: 3ms, application-code: 14ms)
 POST /api/log 200 in 17ms (next.js: 6ms, application-code: 10ms)
 POST /api/log 200 in 18ms (next.js: 7ms, application-code: 11ms)
 POST /api/log 200 in 19ms (next.js: 6ms, application-code: 13ms)
 POST /api/log 200 in 13ms (next.js: 4ms, application-code: 9ms)
 POST /api/log 200 in 9ms (next.js: 4ms, application-code: 5ms)
 POST /api/log 200 in 17ms (next.js: 5ms, application-code: 11ms)
 POST /api/log 200 in 18ms (next.js: 7ms, application-code: 11ms)
 POST /api/log 200 in 18ms (next.js: 6ms, application-code: 12ms)
 POST /api/log 200 in 16ms (next.js: 7ms, application-code: 10ms)
 POST /api/log 200 in 9ms (next.js: 4ms, application-code: 5ms)
 POST /api/log 200 in 17ms (next.js: 6ms, application-code: 11ms)
 POST /api/log 200 in 22ms (next.js: 7ms, application-code: 15ms)
 POST /api/log 200 in 17ms (next.js: 5ms, application-code: 13ms)
 POST /api/log 200 in 18ms (next.js: 7ms, application-code: 11ms)
 POST /api/log 200 in 8ms (next.js: 2ms, application-code: 6ms)
 POST /api/log 200 in 17ms (next.js: 6ms, application-code: 11ms)
 POST /api/log 200 in 16ms (next.js: 5ms, application-code: 11ms)
 POST /api/log 200 in 18ms (next.js: 7ms, application-code: 11ms)
 POST /api/log 200 in 17ms (next.js: 6ms, application-code: 11ms)
 POST /api/log 200 in 9ms (next.js: 2ms, application-code: 6ms)
 POST /api/log 200 in 18ms (next.js: 6ms, application-code: 11ms)
 POST /api/log 200 in 18ms (next.js: 5ms, application-code: 13ms)
 POST /api/log 200 in 19ms (next.js: 8ms, application-code: 11ms)
 POST /api/log 200 in 17ms (next.js: 7ms, application-code: 10ms)
 POST /api/log 200 in 7ms (next.js: 2ms, application-code: 5ms)
 POST /api/log 200 in 14ms (next.js: 6ms, application-code: 8ms)
 POST /api/log 200 in 23ms (next.js: 11ms, application-code: 13ms)
 POST /api/log 200 in 17ms (next.js: 6ms, application-code: 11ms)
 POST /api/log 200 in 17ms (next.js: 6ms, application-code: 11ms)
 POST /api/log 200 in 17ms (next.js: 6ms, application-code: 12ms)
 POST /api/log 200 in 8ms (next.js: 2ms, application-code: 5ms)
 POST /api/log 200 in 17ms (next.js: 6ms, application-code: 11ms)
 POST /api/log 200 in 18ms (next.js: 6ms, application-code: 12ms)
 POST /api/log 200 in 17ms (next.js: 6ms, application-code: 11ms)
 POST /api/log 200 in 18ms (next.js: 7ms, application-code: 11ms)
 POST /api/log 200 in 12ms (next.js: 3ms, application-code: 9ms)
 POST /api/log 200 in 17ms (next.js: 7ms, application-code: 10ms)
 POST /api/log 200 in 16ms (next.js: 6ms, application-code: 10ms)
 POST /api/log 200 in 19ms (next.js: 9ms, application-code: 9ms)
 POST /api/log 200 in 17ms (next.js: 6ms, application-code: 11ms)
 POST /api/log 200 in 9ms (next.js: 2ms, application-code: 7ms)
 POST /api/log 200 in 17ms (next.js: 6ms, application-code: 11ms)
 POST /api/log 200 in 18ms (next.js: 6ms, application-code: 12ms)
 POST /api/log 200 in 18ms (next.js: 7ms, application-code: 10ms)
 POST /api/log 200 in 21ms (next.js: 8ms, application-code: 12ms)
 POST /api/log 200 in 12ms (next.js: 4ms, application-code: 7ms)
 POST /api/log 200 in 19ms (next.js: 5ms, application-code: 14ms)
 POST /api/log 200 in 17ms (next.js: 6ms, application-code: 11ms)
 POST /api/log 200 in 18ms (next.js: 6ms, application-code: 12ms)
 POST /api/log 200 in 18ms (next.js: 7ms, application-code: 11ms)
 POST /api/log 200 in 10ms (next.js: 3ms, application-code: 7ms)
 POST /api/log 200 in 8ms (next.js: 2ms, application-code: 5ms)
 POST /api/log 200 in 17ms (next.js: 6ms, application-code: 10ms)
 POST /api/log 200 in 71ms (next.js: 9ms, application-code: 61ms)
 POST /api/log 200 in 48ms (next.js: 10ms, application-code: 39ms)
 POST /api/log 200 in 18ms (next.js: 7ms, application-code: 11ms)
 POST /api/log 200 in 15ms (next.js: 5ms, application-code: 11ms)
 POST /api/log 200 in 9ms (next.js: 2ms, application-code: 7ms)
 POST /api/log 200 in 12ms (next.js: 4ms, application-code: 8ms)
 POST /api/log 200 in 12ms (next.js: 3ms, application-code: 9ms)
 POST /api/log 200 in 15ms (next.js: 5ms, application-code: 10ms)
 POST /api/log 200 in 13ms (next.js: 4ms, application-code: 9ms)
 POST /api/log 200 in 8ms (next.js: 2ms, application-code: 6ms)
 POST /api/log 200 in 12ms (next.js: 4ms, application-code: 8ms)
 POST /api/log 200 in 13ms (next.js: 4ms, application-code: 9ms)
 POST /api/log 200 in 16ms (next.js: 4ms, application-code: 11ms)
 POST /api/log 200 in 16ms (next.js: 6ms, application-code: 10ms)
 POST /api/writing-support 200 in 2.4s
 POST /api/log 200 in 9ms (next.js: 2ms, application-code: 7ms)
 POST /api/log 200 in 8ms (next.js: 2ms, application-code: 6ms)
 POST /api/log 200 in 17ms (next.js: 6ms, application-code: 12ms)
 POST /api/log 200 in 18ms (next.js: 6ms, application-code: 12ms)
 POST /api/log 200 in 23ms (next.js: 9ms, application-code: 14ms)
 POST /api/log 200 in 19ms (next.js: 7ms, application-code: 12ms)
 POST /api/log 200 in 11ms (next.js: 2ms, application-code: 9ms)
 POST /api/log 200 in 18ms (next.js: 9ms, application-code: 9ms)
 POST /api/log 200 in 18ms (next.js: 6ms, application-code: 12ms)
 POST /api/log 200 in 18ms (next.js: 5ms, application-code: 13ms)
 POST /api/log 200 in 18ms (next.js: 7ms, application-code: 11ms)
 POST /api/log 200 in 13ms (next.js: 3ms, application-code: 9ms)
 POST /api/log 200 in 18ms (next.js: 6ms, application-code: 11ms)
 POST /api/log 200 in 17ms (next.js: 6ms, application-code: 11ms)
 POST /api/log 200 in 17ms (next.js: 7ms, application-code: 11ms)
 POST /api/log 200 in 19ms (next.js: 6ms, application-code: 14ms)
 POST /api/log 200 in 11ms (next.js: 3ms, application-code: 7ms)
 POST /api/log 200 in 16ms (next.js: 4ms, application-code: 11ms)
 POST /api/log 200 in 21ms (next.js: 9ms, application-code: 11ms)
 POST /api/log 200 in 19ms (next.js: 10ms, application-code: 9ms)
 POST /api/log 200 in 18ms (next.js: 5ms, application-code: 14ms)
 POST /api/log 200 in 11ms (next.js: 4ms, application-code: 8ms)
 POST /api/log 200 in 21ms (next.js: 2ms, application-code: 19ms)
 POST /api/log 200 in 25ms (next.js: 12ms, application-code: 14ms)
 POST /api/log 200 in 16ms (next.js: 6ms, application-code: 9ms)
 POST /api/log 200 in 17ms (next.js: 5ms, application-code: 12ms)
 POST /api/log 200 in 19ms (next.js: 6ms, application-code: 13ms)
 POST /api/log 200 in 8ms (next.js: 3ms, application-code: 5ms)
 POST /api/log 200 in 16ms (next.js: 5ms, application-code: 11ms)
 POST /api/log 200 in 17ms (next.js: 6ms, application-code: 12ms)
 POST /api/log 200 in 16ms (next.js: 6ms, application-code: 10ms)
 POST /api/log 200 in 21ms (next.js: 7ms, application-code: 14ms)
 POST /api/log 200 in 12ms (next.js: 5ms, application-code: 8ms)
 POST /api/log 200 in 16ms (next.js: 5ms, application-code: 10ms)
 POST /api/log 200 in 20ms (next.js: 7ms, application-code: 13ms)
 POST /api/log 200 in 17ms (next.js: 7ms, application-code: 10ms)
 POST /api/log 200 in 17ms (next.js: 4ms, application-code: 13ms)
 POST /api/log 200 in 9ms (next.js: 3ms, application-code: 7ms)
 POST /api/log 200 in 16ms (next.js: 6ms, application-code: 10ms)
 POST /api/log 200 in 18ms (next.js: 6ms, application-code: 12ms)
 POST /api/log 200 in 17ms (next.js: 6ms, application-code: 10ms)
 POST /api/log 200 in 17ms (next.js: 6ms, application-code: 11ms)
 POST /api/log 200 in 6ms (next.js: 1971µs, application-code: 4ms)
 POST /api/log 200 in 18ms (next.js: 8ms, application-code: 10ms)
 POST /api/log 200 in 17ms (next.js: 6ms, application-code: 11ms)
 POST /api/log 200 in 21ms (next.js: 8ms, application-code: 13ms)
 POST /api/log 200 in 16ms (next.js: 5ms, application-code: 11ms)
 POST /api/log 200 in 12ms (next.js: 4ms, application-code: 8ms)
 POST /api/log 200 in 13ms (next.js: 4ms, application-code: 9ms)
 POST /api/log 200 in 16ms (next.js: 6ms, application-code: 10ms)
 POST /api/log 200 in 17ms (next.js: 6ms, application-code: 12ms)
 POST /api/log 200 in 19ms (next.js: 9ms, application-code: 10ms)
 POST /api/log 200 in 10ms (next.js: 4ms, application-code: 7ms)
 POST /api/log 200 in 8ms (next.js: 2ms, application-code: 6ms)
 POST /api/log 200 in 17ms (next.js: 5ms, application-code: 12ms)
 POST /api/log 200 in 17ms (next.js: 6ms, application-code: 11ms)
 POST /api/log 200 in 21ms (next.js: 8ms, application-code: 13ms)
 POST /api/log 200 in 21ms (next.js: 7ms, application-code: 13ms)
 POST /api/log 200 in 8ms (next.js: 2ms, application-code: 6ms)
 POST /api/log 200 in 18ms (next.js: 7ms, application-code: 11ms)
 POST /api/log 200 in 21ms (next.js: 10ms, application-code: 10ms)
 POST /api/log 200 in 20ms (next.js: 7ms, application-code: 13ms)
 POST /api/log 200 in 28ms (next.js: 12ms, application-code: 15ms)
 POST /api/log 200 in 7ms (next.js: 2ms, application-code: 5ms)
 POST /api/log 200 in 17ms (next.js: 6ms, application-code: 11ms)
 POST /api/log 200 in 17ms (next.js: 6ms, application-code: 11ms)
 POST /api/log 200 in 21ms (next.js: 7ms, application-code: 14ms)
 POST /api/log 200 in 17ms (next.js: 3ms, application-code: 14ms)
 POST /api/log 200 in 18ms (next.js: 6ms, application-code: 13ms)
 POST /api/log 200 in 9ms (next.js: 3ms, application-code: 7ms)
 POST /api/log 200 in 12ms (next.js: 4ms, application-code: 7ms)
 POST /api/log 200 in 16ms (next.js: 5ms, application-code: 10ms)
 POST /api/log 200 in 12ms (next.js: 4ms, application-code: 8ms)
 POST /api/log 200 in 15ms (next.js: 4ms, application-code: 10ms)
 POST /api/log 200 in 12ms (next.js: 5ms, application-code: 7ms)
 POST /api/log 200 in 16ms (next.js: 7ms, application-code: 9ms)
 POST /api/log 200 in 11ms (next.js: 3ms, application-code: 8ms)
 POST /api/log 200 in 30ms (next.js: 9ms, application-code: 21ms)
 POST /api/log 200 in 16ms (next.js: 6ms, application-code: 9ms)
 POST /api/log 200 in 11ms (next.js: 3ms, application-code: 8ms)
 POST /api/log 200 in 10ms (next.js: 2ms, application-code: 8ms)
 POST /api/writing-support 200 in 2.8s
 POST /api/log 200 in 12ms (next.js: 4ms, application-code: 8ms)
 POST /api/log 200 in 12ms (next.js: 3ms, application-code: 9ms)
 POST /api/log 200 in 21ms (next.js: 9ms, application-code: 12ms)
 POST /api/log 200 in 17ms (next.js: 5ms, application-code: 12ms)
 POST /api/log 200 in 10ms (next.js: 3ms, application-code: 7ms)
 POST /api/log 200 in 9ms (next.js: 3ms, application-code: 6ms)
 POST /api/log 200 in 17ms (next.js: 6ms, application-code: 11ms)
 POST /api/log 200 in 18ms (next.js: 6ms, application-code: 12ms)
 POST /api/log 200 in 18ms (next.js: 6ms, application-code: 12ms)
 POST /api/log 200 in 18ms (next.js: 7ms, application-code: 11ms)
 POST /api/log 200 in 8ms (next.js: 2ms, application-code: 5ms)
 POST /api/log 200 in 22ms (next.js: 7ms, application-code: 14ms)
 POST /api/log 200 in 20ms (next.js: 10ms, application-code: 10ms)
 POST /api/log 200 in 10ms (next.js: 3ms, application-code: 7ms)
 POST /api/log 200 in 18ms (next.js: 6ms, application-code: 12ms)
 POST /api/log 200 in 18ms (next.js: 6ms, application-code: 12ms)
 POST /api/log 200 in 19ms (next.js: 6ms, application-code: 13ms)
 POST /api/log 200 in 17ms (next.js: 6ms, application-code: 11ms)
 POST /api/log 200 in 11ms (next.js: 4ms, application-code: 8ms)
 POST /api/log 200 in 16ms (next.js: 6ms, application-code: 10ms)
 POST /api/log 200 in 18ms (next.js: 7ms, application-code: 11ms)
 POST /api/log 200 in 19ms (next.js: 7ms, application-code: 12ms)
 POST /api/log 200 in 18ms (next.js: 9ms, application-code: 9ms)
 POST /api/log 200 in 10ms (next.js: 3ms, application-code: 8ms)
 POST /api/log 200 in 7ms (next.js: 2ms, application-code: 5ms)
 POST /api/log 200 in 18ms (next.js: 6ms, application-code: 11ms)
 POST /api/log 200 in 17ms (next.js: 7ms, application-code: 9ms)
 POST /api/log 200 in 20ms (next.js: 7ms, application-code: 13ms)
 POST /api/log 200 in 19ms (next.js: 7ms, application-code: 12ms)
 POST /api/log 200 in 30ms (next.js: 4ms, application-code: 26ms)
 POST /api/log 200 in 18ms (next.js: 6ms, application-code: 12ms)
 POST /api/log 200 in 20ms (next.js: 7ms, application-code: 13ms)
 POST /api/log 200 in 17ms (next.js: 4ms, application-code: 12ms)
 POST /api/log 200 in 14ms (next.js: 3ms, application-code: 11ms)
 POST /api/log 200 in 12ms (next.js: 3ms, application-code: 8ms)
 POST /api/log 200 in 10ms (next.js: 2ms, application-code: 7ms)
 POST /api/log 200 in 16ms (next.js: 5ms, application-code: 12ms)
 POST /api/log 200 in 14ms (next.js: 4ms, application-code: 10ms)
 POST /api/log 200 in 13ms (next.js: 5ms, application-code: 9ms)
 POST /api/log 200 in 13ms (next.js: 5ms, application-code: 8ms)
 POST /api/log 200 in 10ms (next.js: 3ms, application-code: 7ms)
 POST /api/log 200 in 11ms (next.js: 4ms, application-code: 7ms)
 POST /api/writing-support 200 in 1868ms
 POST /api/log 200 in 14ms (next.js: 5ms, application-code: 9ms)
 POST /api/log 200 in 17ms (next.js: 4ms, application-code: 13ms)
 POST /api/log 200 in 17ms (next.js: 6ms, application-code: 11ms)
 POST /api/log 200 in 17ms (next.js: 5ms, application-code: 12ms)
 POST /api/log 200 in 7ms (next.js: 3ms, application-code: 4ms)
 POST /api/log 200 in 17ms (next.js: 5ms, application-code: 12ms)
 POST /api/log 200 in 18ms (next.js: 6ms, application-code: 11ms)
 POST /api/log 200 in 16ms (next.js: 5ms, application-code: 10ms)
 POST /api/log 200 in 16ms (next.js: 6ms, application-code: 11ms)
 POST /api/log 200 in 8ms (next.js: 2ms, application-code: 6ms)
 POST /api/log 200 in 13ms (next.js: 3ms, application-code: 10ms)
 POST /api/log 200 in 18ms (next.js: 4ms, application-code: 13ms)
 POST /api/log 200 in 17ms (next.js: 6ms, application-code: 11ms)
 POST /api/log 200 in 17ms (next.js: 4ms, application-code: 12ms)
 POST /api/log 200 in 17ms (next.js: 6ms, application-code: 11ms)
 POST /api/log 200 in 10ms (next.js: 3ms, application-code: 7ms)
 POST /api/log 200 in 17ms (next.js: 6ms, application-code: 10ms)
 POST /api/log 200 in 18ms (next.js: 7ms, application-code: 11ms)
 POST /api/log 200 in 17ms (next.js: 4ms, application-code: 13ms)
 POST /api/log 200 in 17ms (next.js: 6ms, application-code: 11ms)
 POST /api/log 200 in 10ms (next.js: 3ms, application-code: 7ms)
 POST /api/log 200 in 15ms (next.js: 4ms, application-code: 11ms)
 POST /api/log 200 in 18ms (next.js: 8ms, application-code: 10ms)
 POST /api/log 200 in 16ms (next.js: 6ms, application-code: 10ms)
 POST /api/log 200 in 25ms (next.js: 10ms, application-code: 15ms)
 POST /api/log 200 in 8ms (next.js: 3ms, application-code: 5ms)
 POST /api/log 200 in 18ms (next.js: 7ms, application-code: 11ms)
 POST /api/log 200 in 16ms (next.js: 5ms, application-code: 11ms)
 POST /api/log 200 in 17ms (next.js: 4ms, application-code: 13ms)
 POST /api/log 200 in 12ms (next.js: 3ms, application-code: 8ms)
 POST /api/log 200 in 18ms (next.js: 7ms, application-code: 11ms)
 POST /api/log 200 in 18ms (next.js: 6ms, application-code: 11ms)
 POST /api/log 200 in 17ms (next.js: 7ms, application-code: 11ms)
 POST /api/log 200 in 18ms (next.js: 7ms, application-code: 11ms)
 POST /api/log 200 in 7ms (next.js: 2ms, application-code: 5ms)
 POST /api/log 200 in 16ms (next.js: 6ms, application-code: 10ms)
 POST /api/log 200 in 17ms (next.js: 6ms, application-code: 11ms)
 POST /api/log 200 in 19ms (next.js: 8ms, application-code: 11ms)
 POST /api/log 200 in 18ms (next.js: 8ms, application-code: 10ms)
 POST /api/log 200 in 7ms (next.js: 2ms, application-code: 5ms)
 POST /api/log 200 in 15ms (next.js: 4ms, application-code: 11ms)
 POST /api/log 200 in 18ms (next.js: 6ms, application-code: 12ms)
 POST /api/log 200 in 17ms (next.js: 6ms, application-code: 11ms)
 POST /api/log 200 in 17ms (next.js: 5ms, application-code: 12ms)
 POST /api/log 200 in 10ms (next.js: 4ms, application-code: 6ms)
 POST /api/log 200 in 10ms (next.js: 3ms, application-code: 6ms)
 POST /api/log 200 in 16ms (next.js: 5ms, application-code: 11ms)
 POST /api/log 200 in 18ms (next.js: 7ms, application-code: 12ms)
 POST /api/log 200 in 16ms (next.js: 6ms, application-code: 10ms)
 POST /api/log 200 in 17ms (next.js: 5ms, application-code: 12ms)
 POST /api/log 200 in 10ms (next.js: 3ms, application-code: 7ms)
 POST /api/log 200 in 16ms (next.js: 6ms, application-code: 11ms)
 POST /api/log 200 in 18ms (next.js: 6ms, application-code: 12ms)
 POST /api/log 200 in 18ms (next.js: 7ms, application-code: 11ms)
 POST /api/log 200 in 19ms (next.js: 6ms, application-code: 14ms)
 POST /api/log 200 in 29ms (next.js: 3ms, application-code: 25ms)
 POST /api/log 200 in 19ms (next.js: 8ms, application-code: 11ms)
 POST /api/log 200 in 17ms (next.js: 6ms, application-code: 11ms)
 POST /api/log 200 in 17ms (next.js: 6ms, application-code: 10ms)
 POST /api/log 200 in 18ms (next.js: 7ms, application-code: 11ms)
 POST /api/log 200 in 11ms (next.js: 3ms, application-code: 8ms)
 POST /api/log 200 in 17ms (next.js: 6ms, application-code: 11ms)
 POST /api/log 200 in 17ms (next.js: 5ms, application-code: 12ms)
 POST /api/log 200 in 14ms (next.js: 5ms, application-code: 9ms)
 POST /api/log 200 in 17ms (next.js: 3ms, application-code: 15ms)
 GET /study?page=debrief&username=sim-06-room-e-unconcerned&condition=e&scenario=roomDoubleBooking 200 in 66ms (next.js: 10ms, application-code: 56ms)
 POST /api/log 200 in 22ms (next.js: 7ms, application-code: 15ms)
 GET /study?page=post-task-survey&username=sim-06-room-e-unconcerned&condition=e&scenario=roomDoubleBooking 200 in 57ms (next.js: 10ms, application-code: 47ms)
 POST /api/log 200 in 19ms (next.js: 4ms, application-code: 15ms)
 POST /api/log 200 in 18ms (next.js: 4ms, application-code: 14ms)
 GET /study?page=final&username=sim-06-room-e-unconcerned&condition=e&scenario=roomDoubleBooking 200 in 51ms (next.js: 5ms, application-code: 46ms)
 POST /api/log 200 in 14ms (next.js: 2ms, application-code: 11ms)
